Component: ARM Compiler 5.06 update 7 (build 960) Tool: armlink [4d3601]

==============================================================================

Section Cross References

    startup_stm32f103xb.o(RESET) refers to startup_stm32f103xb.o(STACK) for __initial_sp
    startup_stm32f103xb.o(RESET) refers to startup_stm32f103xb.o(.text) for Reset_Handler
    startup_stm32f103xb.o(RESET) refers to stm32f1xx_it.o(i.NMI_Handler) for NMI_Handler
    startup_stm32f103xb.o(RESET) refers to stm32f1xx_it.o(i.HardFault_Handler) for HardFault_Handler
    startup_stm32f103xb.o(RESET) refers to stm32f1xx_it.o(i.MemManage_Handler) for MemManage_Handler
    startup_stm32f103xb.o(RESET) refers to stm32f1xx_it.o(i.BusFault_Handler) for BusFault_Handler
    startup_stm32f103xb.o(RESET) refers to stm32f1xx_it.o(i.UsageFault_Handler) for UsageFault_Handler
    startup_stm32f103xb.o(RESET) refers to stm32f1xx_it.o(i.SVC_Handler) for SVC_Handler
    startup_stm32f103xb.o(RESET) refers to stm32f1xx_it.o(i.DebugMon_Handler) for DebugMon_Handler
    startup_stm32f103xb.o(RESET) refers to stm32f1xx_it.o(i.PendSV_Handler) for PendSV_Handler
    startup_stm32f103xb.o(RESET) refers to stm32f1xx_it.o(i.SysTick_Handler) for SysTick_Handler
    startup_stm32f103xb.o(RESET) refers to main.o(i.EXTI0_IRQHandler) for EXTI0_IRQHandler
    startup_stm32f103xb.o(RESET) refers to main.o(i.EXTI1_IRQHandler) for EXTI1_IRQHandler
    startup_stm32f103xb.o(RESET) refers to stm32f1xx_it.o(i.TIM1_UP_IRQHandler) for TIM1_UP_IRQHandler
    startup_stm32f103xb.o(RESET) refers to stm32f1xx_it.o(i.TIM2_IRQHandler) for TIM2_IRQHandler
    startup_stm32f103xb.o(RESET) refers to stm32f1xx_it.o(i.USART2_IRQHandler) for USART2_IRQHandler
    startup_stm32f103xb.o(.text) refers to system_stm32f1xx.o(i.SystemInit) for SystemInit
    startup_stm32f103xb.o(.text) refers to entry.o(.ARM.Collect$$$$00000000) for __main
    main.o(i.EXTI0_IRQHandler) refers to stm32f1xx_hal_gpio.o(i.HAL_GPIO_EXTI_IRQHandler) for HAL_GPIO_EXTI_IRQHandler
    main.o(i.EXTI0_IRQHandler) refers to main.o(.data) for .data
    main.o(i.EXTI1_IRQHandler) refers to stm32f1xx_hal_gpio.o(i.HAL_GPIO_EXTI_IRQHandler) for HAL_GPIO_EXTI_IRQHandler
    main.o(i.EXTI1_IRQHandler) refers to stm32f1xx_hal_gpio.o(i.HAL_GPIO_WritePin) for HAL_GPIO_WritePin
    main.o(i.EXTI1_IRQHandler) refers to main.o(.data) for .data
    main.o(i.HAL_TIM_PeriodElapsedCallback) refers to stm32f1xx_hal_gpio.o(i.HAL_GPIO_TogglePin) for HAL_GPIO_TogglePin
    main.o(i.HAL_TIM_PeriodElapsedCallback) refers to main.o(i.send_data_uart) for send_data_uart
    main.o(i.HAL_TIM_PeriodElapsedCallback) refers to main.o(i.Read_dht11) for Read_dht11
    main.o(i.HAL_TIM_PeriodElapsedCallback) refers to main.o(.bss) for .bss
    main.o(i.HAL_TIM_PeriodElapsedCallback) refers to main.o(.data) for .data
    main.o(i.HAL_UART_RxCpltCallback) refers to main.o(i.Received) for Received
    main.o(i.HAL_UART_RxCpltCallback) refers to stm32f1xx_hal_uart.o(i.HAL_UART_Receive_IT) for HAL_UART_Receive_IT
    main.o(i.HAL_UART_RxCpltCallback) refers to main.o(.data) for .data
    main.o(i.HAL_UART_RxCpltCallback) refers to main.o(.bss) for .bss
    main.o(i.MX_ADC1_Init) refers to stm32f1xx_hal_adc.o(i.HAL_ADC_Init) for HAL_ADC_Init
    main.o(i.MX_ADC1_Init) refers to stm32f1xx_hal_adc.o(i.HAL_ADC_ConfigChannel) for HAL_ADC_ConfigChannel
    main.o(i.MX_ADC1_Init) refers to main.o(.bss) for .bss
    main.o(i.MX_GPIO_Init) refers to stm32f1xx_hal_gpio.o(i.HAL_GPIO_WritePin) for HAL_GPIO_WritePin
    main.o(i.MX_GPIO_Init) refers to stm32f1xx_hal_gpio.o(i.HAL_GPIO_Init) for HAL_GPIO_Init
    main.o(i.MX_GPIO_Init) refers to stm32f1xx_hal_cortex.o(i.HAL_NVIC_SetPriority) for HAL_NVIC_SetPriority
    main.o(i.MX_GPIO_Init) refers to stm32f1xx_hal_cortex.o(i.HAL_NVIC_EnableIRQ) for HAL_NVIC_EnableIRQ
    main.o(i.MX_TIM1_Init) refers to stm32f1xx_hal_tim.o(i.HAL_TIM_Base_Init) for HAL_TIM_Base_Init
    main.o(i.MX_TIM1_Init) refers to stm32f1xx_hal_tim.o(i.HAL_TIM_ConfigClockSource) for HAL_TIM_ConfigClockSource
    main.o(i.MX_TIM1_Init) refers to stm32f1xx_hal_tim_ex.o(i.HAL_TIMEx_MasterConfigSynchronization) for HAL_TIMEx_MasterConfigSynchronization
    main.o(i.MX_TIM1_Init) refers to main.o(.bss) for .bss
    main.o(i.MX_TIM2_Init) refers to stm32f1xx_hal_tim.o(i.HAL_TIM_Base_Init) for HAL_TIM_Base_Init
    main.o(i.MX_TIM2_Init) refers to stm32f1xx_hal_tim.o(i.HAL_TIM_ConfigClockSource) for HAL_TIM_ConfigClockSource
    main.o(i.MX_TIM2_Init) refers to stm32f1xx_hal_tim_ex.o(i.HAL_TIMEx_MasterConfigSynchronization) for HAL_TIMEx_MasterConfigSynchronization
    main.o(i.MX_TIM2_Init) refers to main.o(.bss) for .bss
    main.o(i.Read_dht11) refers to dht.o(i.DHT_GetData) for DHT_GetData
    main.o(i.Read_dht11) refers to ffixui.o(.text) for __aeabi_f2uiz
    main.o(i.Read_dht11) refers to main.o(.data) for .data
    main.o(i.Received) refers to main.o(i.XulyJson) for XulyJson
    main.o(i.Received) refers to main.o(.data) for .data
[...]
    ../clib/microlib/ctype/tolower.c         0x00000000   Number         0  tolower.o ABSOLUTE
    ../clib/microlib/division.c              0x00000000   Number         0  uldiv.o ABSOLUTE
    ../clib/microlib/division.c              0x00000000   Number         0  uidiv.o ABSOLUTE
    ../clib/microlib/errno.c                 0x00000000   Number         0  errno.o ABSOLUTE
    ../clib/microlib/init/entry.s            0x00000000   Number         0  entry10b.o ABSOLUTE
    ../clib/microlib/init/entry.s            0x00000000   Number         0  entry2.o ABSOLUTE
    ../clib/microlib/init/entry.s            0x00000000   Number         0  entry11a.o ABSOLUTE
    ../clib/microlib/init/entry.s            0x00000000   Number         0  entry11b.o ABSOLUTE
    ../clib/microlib/init/entry.s            0x00000000   Number         0  entry12a.o ABSOLUTE
    ../clib/microlib/init/entry.s            0x00000000   Number         0  entry12b.o ABSOLUTE
    ../clib/microlib/init/entry.s            0x00000000   Number         0  entry.o ABSOLUTE
    ../clib/microlib/init/entry.s            0x00000000   Number         0  entry7b.o ABSOLUTE
    ../clib/microlib/init/entry.s            0x00000000   Number         0  entry8a.o ABSOLUTE
    ../clib/microlib/init/entry.s            0x00000000   Number         0  entry7a.o ABSOLUTE
    ../clib/microlib/init/entry.s            0x00000000   Number         0  entry8b.o ABSOLUTE
    ../clib/microlib/init/entry.s            0x00000000   Number         0  entry9a.o ABSOLUTE
    ../clib/microlib/init/entry.s            0x00000000   Number         0  entry5.o ABSOLUTE
    ../clib/microlib/init/entry.s            0x00000000   Number         0  entry9b.o ABSOLUTE
    ../clib/microlib/init/entry.s            0x00000000   Number         0  entry10a.o ABSOLUTE
    ../clib/microlib/longlong.c              0x00000000   Number         0  llshl.o ABSOLUTE
    ../clib/microlib/longlong.c              0x00000000   Number         0  llsshr.o ABSOLUTE
    ../clib/microlib/longlong.c              0x00000000   Number         0  llushr.o ABSOLUTE
    ../clib/microlib/malloc/malloc.c         0x00000000   Number         0  malloca.o ABSOLUTE
    ../clib/microlib/malloc/malloc.c         0x00000000   Number         0  mallocr.o ABSOLUTE
    ../clib/microlib/malloc/malloc.c         0x00000000   Number         0  mallocra.o ABSOLUTE
    ../clib/microlib/malloc/malloc.c         0x00000000   Number         0  malloc.o ABSOLUTE
    ../clib/microlib/malloc/mvars.c          0x00000000   Number         0  mvars.o ABSOLUTE
    ../clib/microlib/printf/printf.c         0x00000000   Number         0  printfa.o ABSOLUTE
    ../clib/microlib/printf/printf.c         0x00000000   Number         0  printf8.o ABSOLUTE
    ../clib/microlib/printf/printf.c         0x00000000   Number         0  printf7.o ABSOLUTE
    ../clib/microlib/printf/printf.c         0x00000000   Number         0  printf6.o ABSOLUTE
    ../clib/microlib/printf/printf.c         0x00000000   Number         0  printf5.o ABSOLUTE
    ../clib/microlib/printf/printf.c         0x00000000   Number         0  printf1.o ABSOLUTE
    ../clib/microlib/printf/printf.c         0x00000000   Number         0  printf4.o ABSOLUTE
    ../clib/microlib/printf/printf.c         0x00000000   Number         0  printf3.o ABSOLUTE
    ../clib/microlib/printf/printf.c         0x00000000   Number         0  printf2.o ABSOLUTE
    ../clib/microlib/printf/printf.c         0x00000000   Number         0  printf0.o ABSOLUTE
    ../clib/microlib/printf/printf.c         0x00000000   Number         0  printfb.o ABSOLUTE
    ../clib/microlib/printf/stubs.s          0x00000000   Number         0  stubs.o ABSOLUTE
    ../clib/microlib/stdio/streams.c         0x00000000   Number         0  stdout.o ABSOLUTE
    ../clib/microlib/string/memcpy.c         0x00000000   Number         0  memcpyb.o ABSOLUTE
    ../clib/microlib/string/memcpy.c         0x00000000   Number         0  memcpya.o ABSOLUTE
    ../clib/microlib/string/memset.c         0x00000000   Number         0  memseta.o ABSOLUTE
    ../clib/microlib/string/strcat.c         0x00000000   Number         0  strcat.o ABSOLUTE
    ../clib/microlib/string/strcmp.c         0x00000000   Number         0  strcmp.o ABSOLUTE
    ../clib/microlib/string/strcpy.c         0x00000000   Number         0  strcpy.o ABSOLUTE
    ../clib/microlib/string/strlen.c         0x00000000   Number         0  strlen.o ABSOLUTE
    ../clib/microlib/string/strncmp.c        0x00000000   Number         0  strncmp.o ABSOLUTE
    ../clib/microlib/string/strstr.c         0x00000000   Number         0  strstr.o ABSOLUTE
    ../clib/microlib/stubs.s                 0x00000000   Number         0  iusefp.o ABSOLUTE
    ../clib/scanf.c                          0x00000000   Number         0  atoi.o ABSOLUTE
    ../clib/scanf.c                          0x00000000   Number         0  strtol.o ABSOLUTE
    ../clib/scanf.c                          0x00000000   Number         0  strtod.o ABSOLUTE
    ../clib/scanf.c                          0x00000000   Number         0  _sgetc.o ABSOLUTE
    ../clib/scanf.c                          0x00000000   Number         0  scanf_char.o ABSOLUTE
    ../clib/scanf.c                          0x00000000   Number         0  _scanf.o ABSOLUTE
    ../clib/scanf.c                          0x00000000   Number         0  scanf_fp.o ABSOLUTE
    ../clib/scanf.c                          0x00000000   Number         0  __0sscanf.o ABSOLUTE
    ../clib/scanf.c                          0x00000000   Number         0  _strtoul.o ABSOLUTE
    ../clib/scanf.c                          0x00000000   Number         0  _chval.o ABSOLUTE
    ../fplib/microlib/d2f.c                  0x00000000   Number         0  d2f.o ABSOLUTE
    ../fplib/microlib/f2d.c                  0x00000000   Number         0  f2d.o ABSOLUTE
    ../fplib/microlib/fpadd.c                0x00000000   Number         0  dadd.o ABSOLUTE
    ../fplib/microlib/fpdiv.c                0x00000000   Number         0  ddiv.o ABSOLUTE
    ../fplib/microlib/fpepilogue.c           0x00000000   Number         0  fepilogue.o ABSOLUTE
    ../fplib/microlib/fpepilogue.c           0x00000000   Number         0  depilogue.o ABSOLUTE
    ../fplib/microlib/fpfix.c                0x00000000   Number         0  ffixui.o ABSOLUTE
    ../fplib/microlib/fpfix.c                0x00000000   Number         0  dfixi.o ABSOLUTE
    ../fplib/microlib/fpfix.c                0x00000000   Number         0  dfixul.o ABSOLUTE
    ../fplib/microlib/fpflt.c                0x00000000   Number         0  ffltui.o ABSOLUTE
    ../fplib/microlib/fpflt.c                0x00000000   Number         0  dfltul.o ABSOLUTE
    ../fplib/microlib/fpflt.c                0x00000000   Number         0  dflti.o ABSOLUTE
    ../fplib/microlib/fpmul.c                0x00000000   Number         0  dmul.o ABSOLUTE
    ../fplib/microlib/fpscalb.c              0x00000000   Number         0  dscalb.o ABSOLUTE
    ../mathlib/strtod.c                      0x00000000   Number         0  strtod.o ABSOLUTE
    ..\Drivers\STM32F1xx_HAL_Driver\Src\stm32f1xx_hal.c 0x00000000   Number         0  stm32f1xx_hal.o ABSOLUTE
    ..\Drivers\STM32F1xx_HAL_Driver\Src\stm32f1xx_hal_adc.c 0x00000000   Number         0  stm32f1xx_hal_adc.o ABSOLUTE
    ..\Drivers\STM32F1xx_HAL_Driver\Src\stm32f1xx_hal_adc_ex.c 0x00000000   Number         0  stm32f1xx_hal_adc_ex.o ABSOLUTE
    ..\Drivers\STM32F1xx_HAL_Driver\Src\stm32f1xx_hal_cortex.c 0x00000000   Number         0  stm32f1xx_hal_cortex.o ABSOLUTE
    ..\Drivers\STM32F1xx_HAL_Driver\Src\stm32f1xx_hal_dma.c 0x00000000   Number         0  stm32f1xx_hal_dma.o ABSOLUTE
    ..\Drivers\STM32F1xx_HAL_Driver\Src\stm32f1xx_hal_flash.c 0x00000000   Number         0  stm32f1xx_hal_flash.o ABSOLUTE
    ..\Drivers\STM32F1xx_HAL_Driver\Src\stm32f1xx_hal_flash_ex.c 0x00000000   Number         0  stm32f1xx_hal_flash_ex.o ABSOLUTE
    ..\Drivers\STM32F1xx_HAL_Driver\Src\stm32f1xx_hal_gpio.c 0x00000000   Number         0  stm32f1xx_hal_gpio.o ABSOLUTE
    ..\Drivers\STM32F1xx_HAL_Driver\Src\stm32f1xx_hal_gpio_ex.c 0x00000000   Number         0  stm32f1xx_hal_gpio_ex.o ABSOLUTE
    ..\Drivers\STM32F1xx_HAL_Driver\Src\stm32f1xx_hal_pwr.c 0x00000000   Number         0  stm32f1xx_hal_pwr.o ABSOLUTE
    ..\Drivers\STM32F1xx_HAL_Driver\Src\stm32f1xx_hal_rcc.c 0x00000000   Number         0  stm32f1xx_hal_rcc.o ABSOLUTE
    ..\Drivers\STM32F1xx_HAL_Driver\Src\stm32f1xx_hal_rcc_ex.c 0x00000000   Number         0  stm32f1xx_hal_rcc_ex.o ABSOLUTE
    ..\Drivers\STM32F1xx_HAL_Driver\Src\stm32f1xx_hal_tim.c 0x00000000   Number         0  stm32f1xx_hal_tim.o ABSOLUTE
    ..\Drivers\STM32F1xx_HAL_Driver\Src\stm32f1xx_hal_tim_ex.c 0x00000000   Number         0  stm32f1xx_hal_tim_ex.o ABSOLUTE
    ..\Drivers\STM32F1xx_HAL_Driver\Src\stm32f1xx_hal_uart.c 0x00000000   Number         0  stm32f1xx_hal_uart.o ABSOLUTE
    ..\LIBDHT11\DHT.c                        0x00000000   Number         0  dht.o ABSOLUTE
    ..\Src\main.c                            0x00000000   Number         0  main.o ABSOLUTE
    ..\Src\stm32f1xx_hal_msp.c               0x00000000   Number         0  stm32f1xx_hal_msp.o ABSOLUTE
    ..\Src\stm32f1xx_it.c                    0x00000000   Number         0  stm32f1xx_it.o ABSOLUTE
    ..\Src\system_stm32f1xx.c                0x00000000   Number         0  system_stm32f1xx.o ABSOLUTE
    ..\\LIBDHT11\\DHT.c                      0x00000000   Number         0  dht.o ABSOLUTE
    ..\cJSON\cJSON.c                         0x00000000   Number         0  cjson.o ABSOLUTE
    cdcmple.s                                0x00000000   Number         0  cdcmple.o ABSOLUTE
    cdrcmple.s                               0x00000000   Number         0  cdrcmple.o ABSOLUTE
    dc.s                                     0x00000000   Number         0  dc.o ABSOLUTE
    handlers.s                               0x00000000   Number         0  handlers.o ABSOLUTE
    init.s                                   0x00000000   Number         0  init.o ABSOLUTE
    startup_stm32f103xb.s                    0x00000000   Number         0  startup_stm32f103xb.o ABSOLUTE
    RESET                                    0x08000000   Section      236  startup_stm32f103xb.o(RESET)
    .ARM.Collect$$$$00000000                 0x080000ec   Section        0  entry.o(.ARM.Collect$$$$00000000)
    .ARM.Collect$$$$00000001                 0x080000ec   Section        4  entry2.o(.ARM.Collect$$$$00000001)
    .ARM.Collect$$$$00000004                 0x080000f0   Section        4  entry5.o(.ARM.Collect$$$$00000004)
    .ARM.Collect$$$$00000008                 0x080000f4   Section        0  entry7b.o(.ARM.Collect$$$$00000008)
    .ARM.Collect$$$$0000000A                 0x080000f4   Section        0  entry8b.o(.ARM.Collect$$$$0000000A)
    .ARM.Collect$$$$0000000B                 0x080000f4   Section        8  entry9a.o(.ARM.Collect$$$$0000000B)
    .ARM.Collect$$$$0000000E                 0x080000fc   Section        4  entry12b.o(.ARM.Collect$$$$0000000E)
    .ARM.Collect$$$$0000000F                 0x08000100   Section        0  entry10a.o(.ARM.Collect$$$$0000000F)
    .ARM.Collect$$$$00000011                 0x08000100   Section        0  entry11a.o(.ARM.Collect$$$$00000011)
    .ARM.Collect$$$$00002712                 0x08000100   Section        4  entry2.o(.ARM.Collect$$$$00002712)
    __lit__00000000                          0x08000100   Data           4  entry2.o(.ARM.Collect$$$$00002712)
    .text                                    0x08000104   Section       36  startup_stm32f103xb.o(.text)
    .text                                    0x08000128   Section        0  llushr.o(.text)
    .text                                    0x08000148   Section        0  tolower.o(.text)
    .text                                    0x08000154   Section        0  memcpya.o(.text)
    .text                                    0x08000178   Section        0  memseta.o(.text)
    .text                                    0x0800019c   Section        0  strcat.o(.text)
    .text                                    0x080001b4   Section        0  strstr.o(.text)
    .text                                    0x080001d8   Section        0  strlen.o(.text)
    .text                                    0x080001e6   Section        0  strcmp.o(.text)
    .text                                    0x08000202   Section        0  strncmp.o(.text)
    .text                                    0x08000220   Section        0  scanf_fp.o(.text)
    _fp_value                                0x08000221   Thumb Code   296  scanf_fp.o(.text)
    .text                                    0x08000580   Section        0  atoi.o(.text)
    .text                                    0x0800059a   Section        0  dadd.o(.text)
    .text                                    0x080006e8   Section        0  ffltui.o(.text)
    .text                                    0x080006f2   Section        0  ffixui.o(.text)
    .text                                    0x0800071a   Section        0  dfixi.o(.text)
    .text                                    0x08000758   Section       48  cdcmple.o(.text)
    .text                                    0x08000788   Section       48  cdrcmple.o(.text)
    .text                                    0x080007b8   Section        0  uidiv.o(.text)
    .text                                    0x080007e4   Section        0  uldiv.o(.text)
    .text                                    0x08000846   Section        0  llshl.o(.text)
    .text                                    0x08000864   Section        0  llsshr.o(.text)
    .text                                    0x08000888   Section        0  _sgetc.o(.text)
    .text                                    0x080008c8   Section        0  strtod.o(.text)
    _local_sscanf                            0x080008c9   Thumb Code    54  strtod.o(.text)
    .text                                    0x08000964   Section        0  strtol.o(.text)
    .text                                    0x080009d4   Section        0  iusefp.o(.text)
    .text                                    0x080009d4   Section        0  fepilogue.o(.text)
    .text                                    0x08000a42   Section        0  depilogue.o(.text)
    .text                                    0x08000afc   Section        0  dmul.o(.text)
    .text                                    0x08000be0   Section        0  ddiv.o(.text)
    .text                                    0x08000cbe   Section        0  dfltul.o(.text)
    .text                                    0x08000cd6   Section        0  dfixul.o(.text)
    .text                                    0x08000d06   Section        0  d2f.o(.text)
    .text                                    0x08000d40   Section       36  init.o(.text)
    .text                                    0x08000d64   Section        0  ctype_o.o(.text)
    .text                                    0x08000d6c   Section        0  isspace_o.o(.text)
    .text                                    0x08000d7e   Section        0  _strtoul.o(.text)
    .text                                    0x08000e1c   Section        0  _chval.o(.text)
    i.ADC_ConversionStop_Disable             0x08000e38   Section        0  stm32f1xx_hal_adc.o(i.ADC_ConversionStop_Disable)
    i.BusFault_Handler                       0x08000e84   Section        0  stm32f1xx_it.o(i.BusFault_Handler)
    i.DHT_Check_Response                     0x08000e88   Section        0  dht.o(i.DHT_Check_Response)
    i.DHT_GetData                            0x08000ec8   Section        0  dht.o(i.DHT_GetData)
    i.DHT_Read                               0x08000f20   Section        0  dht.o(i.DHT_Read)
    i.DHT_Start                              0x08000f7c   Section        0  dht.o(i.DHT_Start)
    i.DWT_Delay_Init                         0x08000fc0   Section        0  dht.o(i.DWT_Delay_Init)
    i.DebugMon_Handler                       0x08001004   Section        0  stm32f1xx_it.o(i.DebugMon_Handler)
    i.EXTI0_IRQHandler                       0x08001008   Section        0  main.o(i.EXTI0_IRQHandler)
    i.EXTI1_IRQHandler                       0x0800101c   Section        0  main.o(i.EXTI1_IRQHandler)
    i.HAL_ADC_ConfigChannel                  0x08001044   Section        0  stm32f1xx_hal_adc.o(i.HAL_ADC_ConfigChannel)
    i.HAL_ADC_Init                           0x08001264   Section        0  stm32f1xx_hal_adc.o(i.HAL_ADC_Init)
    i.HAL_ADC_MspInit                        0x08001484   Section        0  stm32f1xx_hal_msp.o(i.HAL_ADC_MspInit)
    i.HAL_DMA_Abort_IT                       0x080014dc   Section        0  stm32f1xx_hal_dma.o(i.HAL_DMA_Abort_IT)
    i.HAL_Delay                              0x08001574   Section        0  stm32f1xx_hal.o(i.HAL_Delay)
    i.HAL_GPIO_EXTI_Callback                 0x08001598   Section        0  stm32f1xx_hal_gpio.o(i.HAL_GPIO_EXTI_Callback)
    i.HAL_GPIO_EXTI_IRQHandler               0x0800159c   Section        0  stm32f1xx_hal_gpio.o(i.HAL_GPIO_EXTI_IRQHandler)
    i.HAL_GPIO_Init                          0x080015b4   Section        0  stm32f1xx_hal_gpio.o(i.HAL_GPIO_Init)
    i.HAL_GPIO_ReadPin                       0x080018dc   Section        0  stm32f1xx_hal_gpio.o(i.HAL_GPIO_ReadPin)
    i.HAL_GPIO_TogglePin                     0x08001934   Section        0  stm32f1xx_hal_gpio.o(i.HAL_GPIO_TogglePin)
    i.HAL_GPIO_WritePin                      0x0800198c   Section        0  stm32f1xx_hal_gpio.o(i.HAL_GPIO_WritePin)
    i.HAL_GetTick                            0x080019f8   Section        0  stm32f1xx_hal.o(i.HAL_GetTick)
    i.HAL_IncTick                            0x08001a04   Section        0  stm32f1xx_hal.o(i.HAL_IncTick)
    i.HAL_Init                               0x08001a14   Section        0  stm32f1xx_hal.o(i.HAL_Init)
    i.HAL_InitTick                           0x08001a38   Section        0  stm32f1xx_hal.o(i.HAL_InitTick)
    i.HAL_MspInit                            0x08001a78   Section        0  stm32f1xx_hal_msp.o(i.HAL_MspInit)
    i.HAL_NVIC_EnableIRQ                     0x08001ab4   Section        0  stm32f1xx_hal_cortex.o(i.HAL_NVIC_EnableIRQ)
    i.HAL_NVIC_SetPriority                   0x08001b14   Section        0  stm32f1xx_hal_cortex.o(i.HAL_NVIC_SetPriority)
    i.HAL_NVIC_SetPriorityGrouping           0x08001bb4   Section        0  stm32f1xx_hal_cortex.o(i.HAL_NVIC_SetPriorityGrouping)
    i.HAL_RCCEx_PeriphCLKConfig              0x08001c34   Section        0  stm32f1xx_hal_rcc_ex.o(i.HAL_RCCEx_PeriphCLKConfig)
    i.HAL_RCC_ClockConfig                    0x08001dc8   Section        0  stm32f1xx_hal_rcc.o(i.HAL_RCC_ClockConfig)
    i.HAL_RCC_GetHCLKFreq                    0x0800203c   Section        0  stm32f1xx_hal_rcc.o(i.HAL_RCC_GetHCLKFreq)
    i.HAL_RCC_GetPCLK1Freq                   0x08002048   Section        0  stm32f1xx_hal_rcc.o(i.HAL_RCC_GetPCLK1Freq)
    i.HAL_RCC_GetPCLK2Freq                   0x08002068   Section        0  stm32f1xx_hal_rcc.o(i.HAL_RCC_GetPCLK2Freq)
    i.HAL_RCC_GetSysClockFreq                0x08002088   Section        0  stm32f1xx_hal_rcc.o(i.HAL_RCC_GetSysClockFreq)
    i.HAL_RCC_OscConfig                      0x080020f4   Section        0  stm32f1xx_hal_rcc.o(i.HAL_RCC_OscConfig)
    i.HAL_SYSTICK_Config                     0x0800256e   Section        0  stm32f1xx_hal_cortex.o(i.HAL_SYSTICK_Config)
    i.HAL_TIMEx_BreakCallback                0x08002596   Section        0  stm32f1xx_hal_tim_ex.o(i.HAL_TIMEx_BreakCallback)
    i.HAL_TIMEx_CommutationCallback          0x08002598   Section        0  stm32f1xx_hal_tim_ex.o(i.HAL_TIMEx_CommutationCallback)
    i.HAL_TIMEx_MasterConfigSynchronization  0x0800259c   Section        0  stm32f1xx_hal_tim_ex.o(i.HAL_TIMEx_MasterConfigSynchronization)
    i.HAL_TIM_Base_Init                      0x08002698   Section        0  stm32f1xx_hal_tim.o(i.HAL_TIM_Base_Init)
    i.HAL_TIM_Base_MspInit                   0x08002778   Section        0  stm32f1xx_hal_msp.o(i.HAL_TIM_Base_MspInit)
    i.HAL_TIM_Base_Start_IT                  0x080027d8   Section        0  stm32f1xx_hal_tim.o(i.HAL_TIM_Base_Start_IT)
    i.HAL_TIM_ConfigClockSource              0x0800285c   Section        0  stm32f1xx_hal_tim.o(i.HAL_TIM_ConfigClockSource)
    i.HAL_TIM_IC_CaptureCallback             0x08002c08   Section        0  stm32f1xx_hal_tim.o(i.HAL_TIM_IC_CaptureCallback)
    i.HAL_TIM_IRQHandler                     0x08002c0a   Section        0  stm32f1xx_hal_tim.o(i.HAL_TIM_IRQHandler)
    i.HAL_TIM_OC_DelayElapsedCallback        0x08002d70   Section        0  stm32f1xx_hal_tim.o(i.HAL_TIM_OC_DelayElapsedCallback)
    i.HAL_TIM_PWM_PulseFinishedCallback      0x08002d72   Section        0  stm32f1xx_hal_tim.o(i.HAL_TIM_PWM_PulseFinishedCallback)
    i.HAL_TIM_PeriodElapsedCallback          0x08002d74   Section        0  main.o(i.HAL_TIM_PeriodElapsedCallback)
    i.HAL_TIM_TriggerCallback                0x08002dd4   Section        0  stm32f1xx_hal_tim.o(i.HAL_TIM_TriggerCallback)
    i.HAL_UART_ErrorCallback                 0x08002dd6   Section        0  stm32f1xx_hal_uart.o(i.HAL_UART_ErrorCallback)
    i.HAL_UART_IRQHandler                    0x08002dd8   Section        0  stm32f1xx_hal_uart.o(i.HAL_UART_IRQHandler)
    i.HAL_UART_Init                          0x08002ee8   Section        0  stm32f1xx_hal_uart.o(i.HAL_UART_Init)
    i.HAL_UART_MspInit                       0x08002ffc   Section        0  stm32f1xx_hal_msp.o(i.HAL_UART_MspInit)
    i.HAL_UART_Receive_IT                    0x0800307c   Section        0  stm32f1xx_hal_uart.o(i.HAL_UART_Receive_IT)
    i.HAL_UART_RxCpltCallback                0x080030d0   Section        0  main.o(i.HAL_UART_RxCpltCallback)
    i.HAL_UART_Transmit                      0x080030fc   Section        0  stm32f1xx_hal_uart.o(i.HAL_UART_Transmit)
    i.HAL_UART_TxCpltCallback                0x080031b6   Section        0  stm32f1xx_hal_uart.o(i.HAL_UART_TxCpltCallback)
    i.HardFault_Handler                      0x080031b8   Section        0  stm32f1xx_it.o(i.HardFault_Handler)
    i.MX_ADC1_Init                           0x080031bc   Section        0  main.o(i.MX_ADC1_Init)
    MX_ADC1_Init                             0x080031bd   Thumb Code    54  main.o(i.MX_ADC1_Init)
    i.MX_GPIO_Init                           0x080031fc   Section        0  main.o(i.MX_GPIO_Init)
    MX_GPIO_Init                             0x080031fd   Thumb Code   290  main.o(i.MX_GPIO_Init)
    i.MX_TIM1_Init                           0x08003334   Section        0  main.o(i.MX_TIM1_Init)
    MX_TIM1_Init                             0x08003335   Thumb Code    78  main.o(i.MX_TIM1_Init)
    i.MX_TIM2_Init                           0x0800338c   Section        0  main.o(i.MX_TIM2_Init)
    MX_TIM2_Init                             0x0800338d   Thumb Code    80  main.o(i.MX_TIM2_Init)
    i.MemManage_Handler                      0x080033e0   Section        0  stm32f1xx_it.o(i.MemManage_Handler)
    i.NMI_Handler                            0x080033e2   Section        0  stm32f1xx_it.o(i.NMI_Handler)
    i.NVIC_SetPriority                       0x080033e4   Section        0  stm32f1xx_hal_cortex.o(i.NVIC_SetPriority)
    NVIC_SetPriority                         0x080033e5   Thumb Code    32  stm32f1xx_hal_cortex.o(i.NVIC_SetPriority)
    i.PendSV_Handler                         0x08003404   Section        0  stm32f1xx_it.o(i.PendSV_Handler)
    i.Read_dht11                             0x08003408   Section        0  main.o(i.Read_dht11)
    i.Received                               0x0800342c   Section        0  main.o(i.Received)
    i.SVC_Handler                            0x08003460   Section        0  stm32f1xx_it.o(i.SVC_Handler)
    i.Set_Pin_Input                          0x08003462   Section        0  dht.o(i.Set_Pin_Input)
    i.Set_Pin_Output                         0x08003476   Section        0  dht.o(i.Set_Pin_Output)
    i.SysTick_Handler                        0x0800348e   Section        0  stm32f1xx_it.o(i.SysTick_Handler)
    i.SystemClock_Config                     0x08003492   Section        0  main.o(i.SystemClock_Config)
    i.SystemInit                             0x080034f4   Section        0  system_stm32f1xx.o(i.SystemInit)
    i.TIM1_UP_IRQHandler                     0x0800353c   Section        0  stm32f1xx_it.o(i.TIM1_UP_IRQHandler)
    i.TIM2_IRQHandler                        0x08003548   Section        0  stm32f1xx_it.o(i.TIM2_IRQHandler)
    i.TIM_Base_SetConfig                     0x08003554   Section        0  stm32f1xx_hal_tim.o(i.TIM_Base_SetConfig)
    i.TIM_ETR_SetConfig                      0x080035c0   Section        0  stm32f1xx_hal_tim.o(i.TIM_ETR_SetConfig)
    TIM_ETR_SetConfig                        0x080035c1   Thumb Code    20  stm32f1xx_hal_tim.o(i.TIM_ETR_SetConfig)
    i.TIM_ITRx_SetConfig                     0x080035d4   Section        0  stm32f1xx_hal_tim.o(i.TIM_ITRx_SetConfig)
    TIM_ITRx_SetConfig                       0x080035d5   Thumb Code    16  stm32f1xx_hal_tim.o(i.TIM_ITRx_SetConfig)
    i.TIM_TI1_ConfigInputStage               0x080035e4   Section        0  stm32f1xx_hal_tim.o(i.TIM_TI1_ConfigInputStage)
    TIM_TI1_ConfigInputStage                 0x080035e5   Thumb Code    34  stm32f1xx_hal_tim.o(i.TIM_TI1_ConfigInputStage)
    i.TIM_TI2_ConfigInputStage               0x08003606   Section        0  stm32f1xx_hal_tim.o(i.TIM_TI2_ConfigInputStage)
    TIM_TI2_ConfigInputStage                 0x08003607   Thumb Code    36  stm32f1xx_hal_tim.o(i.TIM_TI2_ConfigInputStage)
    i.UART_DMAAbortOnError                   0x0800362a   Section        0  stm32f1xx_hal_uart.o(i.UART_DMAAbortOnError)
    UART_DMAAbortOnError                     0x0800362b   Thumb Code    16  stm32f1xx_hal_uart.o(i.UART_DMAAbortOnError)
    i.UART_EndRxTransfer                     0x0800363a   Section        0  stm32f1xx_hal_uart.o(i.UART_EndRxTransfer)
    UART_EndRxTransfer                       0x0800363b   Thumb Code    28  stm32f1xx_hal_uart.o(i.UART_EndRxTransfer)
    i.UART_Receive_IT                        0x08003656   Section        0  stm32f1xx_hal_uart.o(i.UART_Receive_IT)
    UART_Receive_IT                          0x08003657   Thumb Code   150  stm32f1xx_hal_uart.o(i.UART_Receive_IT)
    i.UART_SetConfig                         0x080036ec   Section        0  stm32f1xx_hal_uart.o(i.UART_SetConfig)
    UART_SetConfig                           0x080036ed   Thumb Code   450  stm32f1xx_hal_uart.o(i.UART_SetConfig)
    i.UART_Transmit_IT                       0x080038f4   Section        0  stm32f1xx_hal_uart.o(i.UART_Transmit_IT)
    UART_Transmit_IT                         0x080038f5   Thumb Code    98  stm32f1xx_hal_uart.o(i.UART_Transmit_IT)
    i.UART_WaitOnFlagUntilTimeout            0x08003956   Section        0  stm32f1xx_hal_uart.o(i.UART_WaitOnFlagUntilTimeout)
    UART_WaitOnFlagUntilTimeout              0x08003957   Thumb Code   100  stm32f1xx_hal_uart.o(i.UART_WaitOnFlagUntilTimeout)
    i.USART2_IRQHandler                      0x080039bc   Section        0  stm32f1xx_it.o(i.USART2_IRQHandler)
    i.UsageFault_Handler                     0x080039c8   Section        0  stm32f1xx_it.o(i.UsageFault_Handler)
    i.XulyJson                               0x080039cc   Section        0  main.o(i.XulyJson)
    i.__0sprintf                             0x08003ab8   Section        0  printfa.o(i.__0sprintf)
    i.__aeabi_errno_addr                     0x08003ae0   Section        0  errno.o(i.__aeabi_errno_addr)
    i.__free$realloc                         0x08003ae8   Section        0  mallocr.o(i.__free$realloc)
    i.__malloc$realloc                       0x08003b44   Section        0  mallocr.o(i.__malloc$realloc)
    i.__scatterload_copy                     0x08003b94   Section       14  handlers.o(i.__scatterload_copy)
    i.__scatterload_null                     0x08003ba2   Section        2  handlers.o(i.__scatterload_null)
    i.__scatterload_zeroinit                 0x08003ba4   Section       14  handlers.o(i.__scatterload_zeroinit)
    i._fp_digits                             0x08003bb4   Section        0  printfa.o(i._fp_digits)
    _fp_digits                               0x08003bb5   Thumb Code   366  printfa.o(i._fp_digits)
    i._is_digit                              0x08003d38   Section        0  scanf_fp.o(i._is_digit)
    i._printf_core                           0x08003d48   Section        0  printfa.o(i._printf_core)
    _printf_core                             0x08003d49   Thumb Code  1704  printfa.o(i._printf_core)
    i._printf_post_padding                   0x080043fc   Section        0  printfa.o(i._printf_post_padding)
    _printf_post_padding                     0x080043fd   Thumb Code    36  printfa.o(i._printf_post_padding)
    i._printf_pre_padding                    0x08004420   Section        0  printfa.o(i._printf_pre_padding)
    _printf_pre_padding                      0x08004421   Thumb Code    46  printfa.o(i._printf_pre_padding)
    i._sputc                                 0x0800444e   Section        0  printfa.o(i._sputc)
    _sputc                                   0x0800444f   Thumb Code    10  printfa.o(i._sputc)
    i.assert_failed                          0x08004458   Section        0  main.o(i.assert_failed)
    i.buffer_skip_whitespace                 0x0800445a   Section        0  cjson.o(i.buffer_skip_whitespace)
    buffer_skip_whitespace                   0x0800445b   Thumb Code    48  cjson.o(i.buffer_skip_whitespace)
    i.button                                 0x0800448c   Section        0  main.o(i.button)
    i.cJSON_Delete                           0x08004540   Section        0  cjson.o(i.cJSON_Delete)
    i.cJSON_GetObjectItem                    0x08004588   Section        0  cjson.o(i.cJSON_GetObjectItem)
    i.cJSON_New_Item                         0x0800458e   Section        0  cjson.o(i.cJSON_New_Item)
    cJSON_New_Item                           0x0800458f   Thumb Code    22  cjson.o(i.cJSON_New_Item)
    i.cJSON_Parse                            0x080045a4   Section        0  cjson.o(i.cJSON_Parse)
    i.cJSON_ParseWithLengthOpts              0x080045ac   Section        0  cjson.o(i.cJSON_ParseWithLengthOpts)
    i.cJSON_ParseWithOpts                    0x08004688   Section        0  cjson.o(i.cJSON_ParseWithOpts)
    i.delay                                  0x080046ac   Section        0  dht.o(i.delay)
    i.get_object_item                        0x080046d8   Section        0  cjson.o(i.get_object_item)
    get_object_item                          0x080046d9   Thumb Code   122  cjson.o(i.get_object_item)
    i.iFan                                   0x08004754   Section        0  main.o(i.iFan)
    i.internal_alloc                         0x08004784   Section        0  mallocr.o(i.internal_alloc)
    internal_alloc                           0x08004785   Thumb Code    76  mallocr.o(i.internal_alloc)
    i.main                                   0x080047d4   Section        0  main.o(i.main)
    i.parse_array                            0x08004874   Section        0  cjson.o(i.parse_array)
    parse_array                              0x08004875   Thumb Code   208  cjson.o(i.parse_array)
    i.parse_hex4                             0x08004944   Section        0  cjson.o(i.parse_hex4)
    parse_hex4                               0x08004945   Thumb Code    64  cjson.o(i.parse_hex4)
    i.parse_number                           0x08004984   Section        0  cjson.o(i.parse_number)
    parse_number                             0x08004985   Thumb Code   228  cjson.o(i.parse_number)
    i.parse_object                           0x08004a74   Section        0  cjson.o(i.parse_object)
    parse_object                             0x08004a75   Thumb Code   266  cjson.o(i.parse_object)
    i.parse_string                           0x08004b7e   Section        0  cjson.o(i.parse_string)
    parse_string                             0x08004b7f   Thumb Code   268  cjson.o(i.parse_string)
    i.parse_value                            0x08004c8c   Section        0  cjson.o(i.parse_value)
    parse_value                              0x08004c8d   Thumb Code   226  cjson.o(i.parse_value)
    i.realloc                                0x08004d88   Section        0  mallocr.o(i.realloc)
    i.send_data_uart                         0x08004df4   Section        0  main.o(i.send_data_uart)
    i.strtod                                 0x08004f5c   Section        0  strtod.o(i.strtod)
    i.utf16_literal_to_utf8                  0x08004f78   Section        0  cjson.o(i.utf16_literal_to_utf8)
    utf16_literal_to_utf8                    0x08004f79   Thumb Code   210  cjson.o(i.utf16_literal_to_utf8)
    .constdata                               0x0800504a   Section       16  system_stm32f1xx.o(.constdata)
    .constdata                               0x0800505a   Section        8  system_stm32f1xx.o(.constdata)
    .constdata                               0x08005062   Section      129  ctype_o.o(.constdata)
    .constdata                               0x080050e4   Section        4  ctype_o.o(.constdata)
    table                                    0x080050e4   Data           4  ctype_o.o(.constdata)
    .data                                    0x20000000   Section       24  main.o(.data)
    .data                                    0x20000018   Section       12  stm32f1xx_hal.o(.data)
    .data                                    0x20000024   Section        4  system_stm32f1xx.o(.data)
    .data                                    0x20000028   Section       20  cjson.o(.data)
    global_error                             0x20000028   Data           8  cjson.o(.data)
    global_hooks                             0x20000030   Data          12  cjson.o(.data)
    .data                                    0x2000003c   Section        8  dht.o(.data)
    .data                                    0x20000044   Section        4  mvars.o(.data)
    .data                                    0x20000048   Section        4  mvars.o(.data)
    .data                                    0x2000004c   Section        4  errno.o(.data)
    _errno                                   0x2000004c   Data           4  errno.o(.data)
    .bss                                     0x20000050   Section      340  main.o(.bss)
    HEAP                                     0x200001a8   Section      512  startup_stm32f103xb.o(HEAP)
    STACK                                    0x200003a8   Section     1024  startup_stm32f103xb.o(STACK)

    Global Symbols

    Symbol Name                              Value     Ov Type        Size  Object(Section)

    BuildAttributes$$THM_ISAv4$P$D$K$B$S$PE$A:L22UL41UL21$X:L11$S22US41US21$IEEE1$IW$USESV6$~STKCKD$USESV7$~SHL$OTIME$ROPI$IEEEJ$EBA8$MICROLIB$REQ8$PRES8$EABIv2 0x00000000   Number         0  anon$$obj.o ABSOLUTE
    __ARM_use_no_argv                        0x00000000   Number         0  main.o ABSOLUTE
    _printf_a                                0x00000000   Number         0  stubs.o ABSOLUTE
    _printf_c                                0x00000000   Number         0  stubs.o ABSOLUTE
    _printf_charcount                        0x00000000   Number         0  stubs.o ABSOLUTE
    _printf_d                                0x00000000   Number         0  stubs.o ABSOLUTE
    _printf_e                                0x00000000   Number         0  stubs.o ABSOLUTE
    _printf_f                                0x00000000   Number         0  stubs.o ABSOLUTE
    _printf_flags                            0x00000000   Number         0  stubs.o ABSOLUTE
    _printf_fp_dec                           0x00000000   Number         0  stubs.o ABSOLUTE
    _printf_fp_hex                           0x00000000   Number         0  stubs.o ABSOLUTE
    _printf_g                                0x00000000   Number         0  stubs.o ABSOLUTE
    _printf_i                                0x00000000   Number         0  stubs.o ABSOLUTE
    _printf_int_dec                          0x00000000   Number         0  stubs.o ABSOLUTE
    _printf_l                                0x00000000   Number         0  stubs.o ABSOLUTE
    _printf_lc                               0x00000000   Number         0  stubs.o ABSOLUTE
    _printf_ll                               0x00000000   Number         0  stubs.o ABSOLUTE
    _printf_lld                              0x00000000   Number         0  stubs.o ABSOLUTE
    _printf_lli                              0x00000000   Number         0  stubs.o ABSOLUTE
    _printf_llo                              0x00000000   Number         0  stubs.o ABSOLUTE
    _printf_llu                              0x00000000   Number         0  stubs.o ABSOLUTE
    _printf_llx                              0x00000000   Number         0  stubs.o ABSOLUTE
    _printf_longlong_dec                     0x00000000   Number         0  stubs.o ABSOLUTE
    _printf_longlong_hex                     0x00000000   Number         0  stubs.o ABSOLUTE
    _printf_longlong_oct                     0x00000000   Number         0  stubs.o ABSOLUTE
    _printf_ls                               0x00000000   Number         0  stubs.o ABSOLUTE
    _printf_mbtowc                           0x00000000   Number         0  stubs.o ABSOLUTE
    _printf_n                                0x00000000   Number         0  stubs.o ABSOLUTE
    _printf_o                                0x00000000   Number         0  stubs.o ABSOLUTE
    _printf_p                                0x00000000   Number         0  stubs.o ABSOLUTE
    _printf_percent                          0x00000000   Number         0  stubs.o ABSOLUTE
    _printf_pre_padding                      0x00000000   Number         0  stubs.o ABSOLUTE
    _printf_return_value                     0x00000000   Number         0  stubs.o ABSOLUTE
    _printf_s                                0x00000000   Number         0  stubs.o ABSOLUTE
    _printf_sizespec                         0x00000000   Number         0  stubs.o ABSOLUTE
    _printf_str                              0x00000000   Number         0  stubs.o ABSOLUTE
    _printf_truncate_signed                  0x00000000   Number         0  stubs.o ABSOLUTE
    _printf_truncate_unsigned                0x00000000   Number         0  stubs.o ABSOLUTE
    _printf_u                                0x00000000   Number         0  stubs.o ABSOLUTE
    _printf_wc                               0x00000000   Number         0  stubs.o ABSOLUTE
    _printf_wctomb                           0x00000000   Number         0  stubs.o ABSOLUTE
    _printf_widthprec                        0x00000000   Number         0  stubs.o ABSOLUTE
    _printf_x                                0x00000000   Number         0  stubs.o ABSOLUTE
    __arm_fini_                               - Undefined Weak Reference
    __cpp_initialize__aeabi_                  - Undefined Weak Reference
    __cxa_finalize                            - Undefined Weak Reference
    __decompress                              - Undefined Weak Reference
    _clock_init                               - Undefined Weak Reference
    _microlib_exit                            - Undefined Weak Reference
    _scanf_int                                - Undefined Weak Reference
    _scanf_longlong                           - Undefined Weak Reference
    _scanf_string                             - Undefined Weak Reference
    __Vectors_Size                           0x000000ec   Number         0  startup_stm32f103xb.o ABSOLUTE
    __Vectors                                0x08000000   Data           4  startup_stm32f103xb.o(RESET)
    __Vectors_End                            0x080000ec   Data           0  startup_stm32f103xb.o(RESET)
    __main                                   0x080000ed   Thumb Code     0  entry.o(.ARM.Collect$$$$00000000)
    _main_stk                                0x080000ed   Thumb Code     0  entry2.o(.ARM.Collect$$$$00000001)
    _main_scatterload                        0x080000f1   Thumb Code     0  entry5.o(.ARM.Collect$$$$00000004)
    __main_after_scatterload                 0x080000f5   Thumb Code     0  entry5.o(.ARM.Collect$$$$00000004)
    _main_clock                              0x080000f5   Thumb Code     0  entry7b.o(.ARM.Collect$$$$00000008)
    _main_cpp_init                           0x080000f5   Thumb Code     0  entry8b.o(.ARM.Collect$$$$0000000A)
    _main_init                               0x080000f5   Thumb Code     0  entry9a.o(.ARM.Collect$$$$0000000B)
    __rt_lib_shutdown_fini                   0x080000fd   Thumb Code     0  entry12b.o(.ARM.Collect$$$$0000000E)
    __rt_final_cpp                           0x08000101   Thumb Code     0  entry10a.o(.ARM.Collect$$$$0000000F)
    __rt_final_exit                          0x08000101   Thumb Code     0  entry11a.o(.ARM.Collect$$$$00000011)
    Reset_Handler                            0x08000105   Thumb Code     8  startup_stm32f103xb.o(.text)
    ADC1_2_IRQHandler                        0x0800011f   Thumb Code     0  startup_stm32f103xb.o(.text)
    CAN1_RX1_IRQHandler                      0x0800011f   Thumb Code     0  startup_stm32f103xb.o(.text)
    CAN1_SCE_IRQHandler                      0x0800011f   Thumb Code     0  startup_stm32f103xb.o(.text)
    DMA1_Channel1_IRQHandler                 0x0800011f   Thumb Code     0  startup_stm32f103xb.o(.text)
    DMA1_Channel2_IRQHandler                 0x0800011f   Thumb Code     0  startup_stm32f103xb.o(.text)
    DMA1_Channel3_IRQHandler                 0x0800011f   Thumb Code     0  startup_stm32f103xb.o(.text)
    DMA1_Channel4_IRQHandler                 0x0800011f   Thumb Code     0  startup_stm32f103xb.o(.text)
    DMA1_Channel5_IRQHandler                 0x0800011f   Thumb Code     0  startup_stm32f103xb.o(.text)
    DMA1_Channel6_IRQHandler                 0x0800011f   Thumb Code     0  startup_stm32f103xb.o(.text)
    DMA1_Channel7_IRQHandler                 0x0800011f   Thumb Code     0  startup_stm32f103xb.o(.text)
    EXTI15_10_IRQHandler                     0x0800011f   Thumb Code     0  startup_stm32f103xb.o(.text)
    EXTI2_IRQHandler                         0x0800011f   Thumb Code     0  startup_stm32f103xb.o(.text)
    EXTI3_IRQHandler                         0x0800011f   Thumb Code     0  startup_stm32f103xb.o(.text)
    EXTI4_IRQHandler                         0x0800011f   Thumb Code     0  startup_stm32f103xb.o(.text)
    EXTI9_5_IRQHandler                       0x0800011f   Thumb Code     0  startup_stm32f103xb.o(.text)
    FLASH_IRQHandler                         0x0800011f   Thumb Code     0  startup_stm32f103xb.o(.text)
    I2C1_ER_IRQHandler                       0x0800011f   Thumb Code     0  startup_stm32f103xb.o(.text)
    I2C1_EV_IRQHandler                       0x0800011f   Thumb Code     0  startup_stm32f103xb.o(.text)
    I2C2_ER_IRQHandler                       0x0800011f   Thumb Code     0  startup_stm32f103xb.o(.text)
    I2C2_EV_IRQHandler                       0x0800011f   Thumb Code     0  startup_stm32f103xb.o(.text)
    PVD_IRQHandler                           0x0800011f   Thumb Code     0  startup_stm32f103xb.o(.text)
    RCC_IRQHandler                           0x0800011f   Thumb Code     0  startup_stm32f103xb.o(.text)
    RTC_Alarm_IRQHandler                     0x0800011f   Thumb Code     0  startup_stm32f103xb.o(.text)
    RTC_IRQHandler                           0x0800011f   Thumb Code     0  startup_stm32f103xb.o(.text)
    SPI1_IRQHandler                          0x0800011f   Thumb Code     0  startup_stm32f103xb.o(.text)
    SPI2_IRQHandler                          0x0800011f   Thumb Code     0  startup_stm32f103xb.o(.text)
    TAMPER_IRQHandler                        0x0800011f   Thumb Code     0  startup_stm32f103xb.o(.text)
    TIM1_BRK_IRQHandler                      0x0800011f   Thumb Code     0  startup_stm32f103xb.o(.text)
    TIM1_CC_IRQHandler                       0x0800011f   Thumb Code     0  startup_stm32f103xb.o(.text)
    TIM1_TRG_COM_IRQHandler                  0x0800011f   Thumb Code     0  startup_stm32f103xb.o(.text)
    TIM3_IRQHandler                          0x0800011f   Thumb Code     0  startup_stm32f103xb.o(.text)
    TIM4_IRQHandler                          0x0800011f   Thumb Code     0  startup_stm32f103xb.o(.text)
    USART1_IRQHandler                        0x0800011f   Thumb Code     0  startup_stm32f103xb.o(.text)
    USART3_IRQHandler                        0x0800011f   Thumb Code     0  startup_stm32f103xb.o(.text)
    USBWakeUp_IRQHandler                     0x0800011f   Thumb Code     0  startup_stm32f103xb.o(.text)
    USB_HP_CAN1_TX_IRQHandler                0x0800011f   Thumb Code     0  startup_stm32f103xb.o(.text)
    USB_LP_CAN1_RX0_IRQHandler               0x0800011f   Thumb Code     0  startup_stm32f103xb.o(.text)
    WWDG_IRQHandler                          0x0800011f   Thumb Code     0  startup_stm32f103xb.o(.text)
    __aeabi_llsr                             0x08000129   Thumb Code    32  llushr.o(.text)
    _ll_ushift_r                             0x08000129   Thumb Code     0  llushr.o(.text)
    tolower                                  0x08000149   Thumb Code    12  tolower.o(.text)
    __aeabi_memcpy                           0x08000155   Thumb Code    36  memcpya.o(.text)
    __aeabi_memcpy4                          0x08000155   Thumb Code     0  memcpya.o(.text)
    __aeabi_memcpy8                          0x08000155   Thumb Code     0  memcpya.o(.text)
    __aeabi_memset                           0x08000179   Thumb Code    14  memseta.o(.text)
    __aeabi_memset4                          0x08000179   Thumb Code     0  memseta.o(.text)
    __aeabi_memset8                          0x08000179   Thumb Code     0  memseta.o(.text)
    __aeabi_memclr                           0x08000187   Thumb Code     4  memseta.o(.text)
    __aeabi_memclr4                          0x08000187   Thumb Code     0  memseta.o(.text)
    __aeabi_memclr8                          0x08000187   Thumb Code     0  memseta.o(.text)
    _memset$wrapper                          0x0800018b   Thumb Code    18  memseta.o(.text)
    strcat                                   0x0800019d   Thumb Code    24  strcat.o(.text)
    strstr                                   0x080001b5   Thumb Code    36  strstr.o(.text)
    strlen                                   0x080001d9   Thumb Code    14  strlen.o(.text)
    strcmp                                   0x080001e7   Thumb Code    28  strcmp.o(.text)
    strncmp                                  0x08000203   Thumb Code    30  strncmp.o(.text)
    _scanf_real                              0x08000349   Thumb Code     0  scanf_fp.o(.text)
    _scanf_really_real                       0x08000349   Thumb Code   556  scanf_fp.o(.text)
    atoi                                     0x08000581   Thumb Code    26  atoi.o(.text)
    __aeabi_dadd                             0x0800059b   Thumb Code   322  dadd.o(.text)
    __aeabi_dsub                             0x080006dd   Thumb Code     6  dadd.o(.text)
    __aeabi_drsub                            0x080006e3   Thumb Code     6  dadd.o(.text)
    __aeabi_ui2f                             0x080006e9   Thumb Code    10  ffltui.o(.text)
    __aeabi_f2uiz                            0x080006f3   Thumb Code    40  ffixui.o(.text)
    __aeabi_d2iz                             0x0800071b   Thumb Code    62  dfixi.o(.text)
    __aeabi_cdcmpeq                          0x08000759   Thumb Code     0  cdcmple.o(.text)
    __aeabi_cdcmple                          0x08000759   Thumb Code    48  cdcmple.o(.text)
    __aeabi_cdrcmple                         0x08000789   Thumb Code    48  cdrcmple.o(.text)
    __aeabi_uidiv                            0x080007b9   Thumb Code     0  uidiv.o(.text)
    __aeabi_uidivmod                         0x080007b9   Thumb Code    44  uidiv.o(.text)
    __aeabi_uldivmod                         0x080007e5   Thumb Code    98  uldiv.o(.text)
    __aeabi_llsl                             0x08000847   Thumb Code    30  llshl.o(.text)
    _ll_shift_l                              0x08000847   Thumb Code     0  llshl.o(.text)
    __aeabi_lasr                             0x08000865   Thumb Code    36  llsshr.o(.text)
    _ll_sshift_r                             0x08000865   Thumb Code     0  llsshr.o(.text)
    _sgetc                                   0x08000889   Thumb Code    30  _sgetc.o(.text)
    _sbackspace                              0x080008a7   Thumb Code    34  _sgetc.o(.text)
    __strtod_int                             0x080008ff   Thumb Code    90  strtod.o(.text)
    strtol                                   0x08000965   Thumb Code   112  strtol.o(.text)
    __I$use$fp                               0x080009d5   Thumb Code     0  iusefp.o(.text)
    _float_round                             0x080009d5   Thumb Code    18  fepilogue.o(.text)
    _float_epilogue                          0x080009e7   Thumb Code    92  fepilogue.o(.text)
    _double_round                            0x08000a43   Thumb Code    30  depilogue.o(.text)
    _double_epilogue                         0x08000a61   Thumb Code   156  depilogue.o(.text)
    __aeabi_dmul                             0x08000afd   Thumb Code   228  dmul.o(.text)
    __aeabi_ddiv                             0x08000be1   Thumb Code   222  ddiv.o(.text)
    __aeabi_ul2d                             0x08000cbf   Thumb Code    24  dfltul.o(.text)
    __aeabi_d2ulz                            0x08000cd7   Thumb Code    48  dfixul.o(.text)
    __aeabi_d2f                              0x08000d07   Thumb Code    56  d2f.o(.text)
    __scatterload                            0x08000d41   Thumb Code    28  init.o(.text)
    __scatterload_rt2                        0x08000d41   Thumb Code     0  init.o(.text)
    __rt_ctype_table                         0x08000d65   Thumb Code     4  ctype_o.o(.text)
    isspace                                  0x08000d6d   Thumb Code    18  isspace_o.o(.text)
    _strtoul                                 0x08000d7f   Thumb Code   158  _strtoul.o(.text)
    _chval                                   0x08000e1d   Thumb Code    28  _chval.o(.text)
    ADC_ConversionStop_Disable               0x08000e39   Thumb Code    76  stm32f1xx_hal_adc.o(i.ADC_ConversionStop_Disable)
    BusFault_Handler                         0x08000e85   Thumb Code     2  stm32f1xx_it.o(i.BusFault_Handler)
    DHT_Check_Response                       0x08000e89   Thumb Code    60  dht.o(i.DHT_Check_Response)
    DHT_GetData                              0x08000ec9   Thumb Code    82  dht.o(i.DHT_GetData)
    DHT_Read                                 0x08000f21   Thumb Code    88  dht.o(i.DHT_Read)
    DHT_Start                                0x08000f7d   Thumb Code    62  dht.o(i.DHT_Start)
    DWT_Delay_Init                           0x08000fc1   Thumb Code    58  dht.o(i.DWT_Delay_Init)
    DebugMon_Handler                         0x08001005   Thumb Code     2  stm32f1xx_it.o(i.DebugMon_Handler)
    EXTI0_IRQHandler                         0x08001009   Thumb Code    16  main.o(i.EXTI0_IRQHandler)
    EXTI1_IRQHandler                         0x0800101d   Thumb Code    30  main.o(i.EXTI1_IRQHandler)
    HAL_ADC_ConfigChannel                    0x08001045   Thumb Code   472  stm32f1xx_hal_adc.o(i.HAL_ADC_ConfigChannel)
    HAL_ADC_Init                             0x08001265   Thumb Code   468  stm32f1xx_hal_adc.o(i.HAL_ADC_Init)
    HAL_ADC_MspInit                          0x08001485   Thumb Code    76  stm32f1xx_hal_msp.o(i.HAL_ADC_MspInit)
    HAL_DMA_Abort_IT                         0x080014dd   Thumb Code   148  stm32f1xx_hal_dma.o(i.HAL_DMA_Abort_IT)
    HAL_Delay                                0x08001575   Thumb Code    32  stm32f1xx_hal.o(i.HAL_Delay)
    HAL_GPIO_EXTI_Callback                   0x08001599   Thumb Code     2  stm32f1xx_hal_gpio.o(i.HAL_GPIO_EXTI_Callback)
    HAL_GPIO_EXTI_IRQHandler                 0x0800159d   Thumb Code    18  stm32f1xx_hal_gpio.o(i.HAL_GPIO_EXTI_IRQHandler)
    HAL_GPIO_Init                            0x080015b5   Thumb Code   688  stm32f1xx_hal_gpio.o(i.HAL_GPIO_Init)
    HAL_GPIO_ReadPin                         0x080018dd   Thumb Code    28  stm32f1xx_hal_gpio.o(i.HAL_GPIO_ReadPin)
    HAL_GPIO_TogglePin                       0x08001935   Thumb Code    26  stm32f1xx_hal_gpio.o(i.HAL_GPIO_TogglePin)
    HAL_GPIO_WritePin                        0x0800198d   Thumb Code    46  stm32f1xx_hal_gpio.o(i.HAL_GPIO_WritePin)
    HAL_GetTick                              0x080019f9   Thumb Code     6  stm32f1xx_hal.o(i.HAL_GetTick)
    HAL_IncTick                              0x08001a05   Thumb Code    12  stm32f1xx_hal.o(i.HAL_IncTick)
    HAL_Init                                 0x08001a15   Thumb Code    32  stm32f1xx_hal.o(i.HAL_Init)
    HAL_InitTick                             0x08001a39   Thumb Code    54  stm32f1xx_hal.o(i.HAL_InitTick)
    HAL_MspInit                              0x08001a79   Thumb Code    52  stm32f1xx_hal_msp.o(i.HAL_MspInit)
    HAL_NVIC_EnableIRQ                       0x08001ab5   Thumb Code    36  stm32f1xx_hal_cortex.o(i.HAL_NVIC_EnableIRQ)
    HAL_NVIC_SetPriority                     0x08001b15   Thumb Code    94  stm32f1xx_hal_cortex.o(i.HAL_NVIC_SetPriority)
    HAL_NVIC_SetPriorityGrouping             0x08001bb5   Thumb Code    58  stm32f1xx_hal_cortex.o(i.HAL_NVIC_SetPriorityGrouping)
    HAL_RCCEx_PeriphCLKConfig                0x08001c35   Thumb Code   330  stm32f1xx_hal_rcc_ex.o(i.HAL_RCCEx_PeriphCLKConfig)
    HAL_RCC_ClockConfig                      0x08001dc9   Thumb Code   554  stm32f1xx_hal_rcc.o(i.HAL_RCC_ClockConfig)
    HAL_RCC_GetHCLKFreq                      0x0800203d   Thumb Code     6  stm32f1xx_hal_rcc.o(i.HAL_RCC_GetHCLKFreq)
    HAL_RCC_GetPCLK1Freq                     0x08002049   Thumb Code    20  stm32f1xx_hal_rcc.o(i.HAL_RCC_GetPCLK1Freq)
    HAL_RCC_GetPCLK2Freq                     0x08002069   Thumb Code    20  stm32f1xx_hal_rcc.o(i.HAL_RCC_GetPCLK2Freq)
    HAL_RCC_GetSysClockFreq                  0x08002089   Thumb Code    74  stm32f1xx_hal_rcc.o(i.HAL_RCC_GetSysClockFreq)
    HAL_RCC_OscConfig                        0x080020f5   Thumb Code  1146  stm32f1xx_hal_rcc.o(i.HAL_RCC_OscConfig)
    HAL_SYSTICK_Config                       0x0800256f   Thumb Code    40  stm32f1xx_hal_cortex.o(i.HAL_SYSTICK_Config)
    HAL_TIMEx_BreakCallback                  0x08002597   Thumb Code     2  stm32f1xx_hal_tim_ex.o(i.HAL_TIMEx_BreakCallback)
    HAL_TIMEx_CommutationCallback            0x08002599   Thumb Code     2  stm32f1xx_hal_tim_ex.o(i.HAL_TIMEx_CommutationCallback)
    HAL_TIMEx_MasterConfigSynchronization    0x0800259d   Thumb Code   178  stm32f1xx_hal_tim_ex.o(i.HAL_TIMEx_MasterConfigSynchronization)
    HAL_TIM_Base_Init                        0x08002699   Thumb Code   156  stm32f1xx_hal_tim.o(i.HAL_TIM_Base_Init)
    HAL_TIM_Base_MspInit                     0x08002779   Thumb Code    86  stm32f1xx_hal_msp.o(i.HAL_TIM_Base_MspInit)
    HAL_TIM_Base_Start_IT                    0x080027d9   Thumb Code    64  stm32f1xx_hal_tim.o(i.HAL_TIM_Base_Start_IT)
    HAL_TIM_ConfigClockSource                0x0800285d   Thumb Code   872  stm32f1xx_hal_tim.o(i.HAL_TIM_ConfigClockSource)
    HAL_TIM_IC_CaptureCallback               0x08002c09   Thumb Code     2  stm32f1xx_hal_tim.o(i.HAL_TIM_IC_CaptureCallback)
    HAL_TIM_IRQHandler                       0x08002c0b   Thumb Code   358  stm32f1xx_hal_tim.o(i.HAL_TIM_IRQHandler)
    HAL_TIM_OC_DelayElapsedCallback          0x08002d71   Thumb Code     2  stm32f1xx_hal_tim.o(i.HAL_TIM_OC_DelayElapsedCallback)
    HAL_TIM_PWM_PulseFinishedCallback        0x08002d73   Thumb Code     2  stm32f1xx_hal_tim.o(i.HAL_TIM_PWM_PulseFinishedCallback)
    HAL_TIM_PeriodElapsedCallback            0x08002d75   Thumb Code    84  main.o(i.HAL_TIM_PeriodElapsedCallback)
    HAL_TIM_TriggerCallback                  0x08002dd5   Thumb Code     2  stm32f1xx_hal_tim.o(i.HAL_TIM_TriggerCallback)
    HAL_UART_ErrorCallback                   0x08002dd7   Thumb Code     2  stm32f1xx_hal_uart.o(i.HAL_UART_ErrorCallback)
    HAL_UART_IRQHandler                      0x08002dd9   Thumb Code   266  stm32f1xx_hal_uart.o(i.HAL_UART_IRQHandler)
    HAL_UART_Init                            0x08002ee9   Thumb Code   204  stm32f1xx_hal_uart.o(i.HAL_UART_Init)
    HAL_UART_MspInit                         0x08002ffd   Thumb Code   114  stm32f1xx_hal_msp.o(i.HAL_UART_MspInit)
    HAL_UART_Receive_IT                      0x0800307d   Thumb Code    82  stm32f1xx_hal_uart.o(i.HAL_UART_Receive_IT)
    HAL_UART_RxCpltCallback                  0x080030d1   Thumb Code    30  main.o(i.HAL_UART_RxCpltCallback)
    HAL_UART_Transmit                        0x080030fd   Thumb Code   186  stm32f1xx_hal_uart.o(i.HAL_UART_Transmit)
    HAL_UART_TxCpltCallback                  0x080031b7   Thumb Code     2  stm32f1xx_hal_uart.o(i.HAL_UART_TxCpltCallback)
    HardFault_Handler                        0x080031b9   Thumb Code     2  stm32f1xx_it.o(i.HardFault_Handler)
    MemManage_Handler                        0x080033e1   Thumb Code     2  stm32f1xx_it.o(i.MemManage_Handler)
    NMI_Handler                              0x080033e3   Thumb Code     2  stm32f1xx_it.o(i.NMI_Handler)
    PendSV_Handler                           0x08003405   Thumb Code     2  stm32f1xx_it.o(i.PendSV_Handler)
    Read_dht11                               0x08003409   Thumb Code    32  main.o(i.Read_dht11)
    Received                                 0x0800342d   Thumb Code    44  main.o(i.Received)
    SVC_Handler                              0x08003461   Thumb Code     2  stm32f1xx_it.o(i.SVC_Handler)
    Set_Pin_Input                            0x08003463   Thumb Code    20  dht.o(i.Set_Pin_Input)
    Set_Pin_Output                           0x08003477   Thumb Code    24  dht.o(i.Set_Pin_Output)
    SysTick_Handler                          0x0800348f   Thumb Code     4  stm32f1xx_it.o(i.SysTick_Handler)
    SystemClock_Config                       0x08003493   Thumb Code    96  main.o(i.SystemClock_Config)
    SystemInit                               0x080034f5   Thumb Code    56  system_stm32f1xx.o(i.SystemInit)
    TIM1_UP_IRQHandler                       0x0800353d   Thumb Code     6  stm32f1xx_it.o(i.TIM1_UP_IRQHandler)
    TIM2_IRQHandler                          0x08003549   Thumb Code     6  stm32f1xx_it.o(i.TIM2_IRQHandler)
    TIM_Base_SetConfig                       0x08003555   Thumb Code    94  stm32f1xx_hal_tim.o(i.TIM_Base_SetConfig)
    USART2_IRQHandler                        0x080039bd   Thumb Code     6  stm32f1xx_it.o(i.USART2_IRQHandler)
    UsageFault_Handler                       0x080039c9   Thumb Code     2  stm32f1xx_it.o(i.UsageFault_Handler)
    XulyJson                                 0x080039cd   Thumb Code   208  main.o(i.XulyJson)
    __0sprintf                               0x08003ab9   Thumb Code    34  printfa.o(i.__0sprintf)
    __1sprintf                               0x08003ab9   Thumb Code     0  printfa.o(i.__0sprintf)
    __2sprintf                               0x08003ab9   Thumb Code     0  printfa.o(i.__0sprintf)
    __c89sprintf                             0x08003ab9   Thumb Code     0  printfa.o(i.__0sprintf)
    sprintf                                  0x08003ab9   Thumb Code     0  printfa.o(i.__0sprintf)
    __aeabi_errno_addr                       0x08003ae1   Thumb Code     4  errno.o(i.__aeabi_errno_addr)
    __rt_errno_addr                          0x08003ae1   Thumb Code     0  errno.o(i.__aeabi_errno_addr)
    free                                     0x08003ae9   Thumb Code    88  mallocr.o(i.__free$realloc)
    malloc                                   0x08003b45   Thumb Code    64  mallocr.o(i.__malloc$realloc)
    __scatterload_copy                       0x08003b95   Thumb Code    14  handlers.o(i.__scatterload_copy)
    __scatterload_null                       0x08003ba3   Thumb Code     2  handlers.o(i.__scatterload_null)
    __scatterload_zeroinit                   0x08003ba5   Thumb Code    14  handlers.o(i.__scatterload_zeroinit)
    _is_digit                                0x08003d39   Thumb Code    14  scanf_fp.o(i._is_digit)
    assert_failed                            0x08004459   Thumb Code     2  main.o(i.assert_failed)
    button                                   0x0800448d   Thumb Code   168  main.o(i.button)
    cJSON_Delete                             0x08004541   Thumb Code    66  cjson.o(i.cJSON_Delete)
    cJSON_GetObjectItem                      0x08004589   Thumb Code     6  cjson.o(i.cJSON_GetObjectItem)
    cJSON_Parse                              0x080045a5   Thumb Code     8  cjson.o(i.cJSON_Parse)
    cJSON_ParseWithLengthOpts                0x080045ad   Thumb Code   210  cjson.o(i.cJSON_ParseWithLengthOpts)
    cJSON_ParseWithOpts                      0x08004689   Thumb Code    34  cjson.o(i.cJSON_ParseWithOpts)
    delay                                    0x080046ad   Thumb Code    34  dht.o(i.delay)
    iFan                                     0x08004755   Thumb Code    40  main.o(i.iFan)
    main                                     0x080047d5   Thumb Code   144  main.o(i.main)
    realloc                                  0x08004d89   Thumb Code   102  mallocr.o(i.realloc)
    send_data_uart                           0x08004df5   Thumb Code   286  main.o(i.send_data_uart)
    strtod                                   0x08004f5d   Thumb Code    28  strtod.o(i.strtod)
    AHBPrescTable                            0x0800504a   Data          16  system_stm32f1xx.o(.constdata)
    APBPrescTable                            0x0800505a   Data           8  system_stm32f1xx.o(.constdata)
    __ctype_table                            0x08005062   Data         129  ctype_o.o(.constdata)
    Region$$Table$$Base                      0x080050e8   Number         0  anon$$obj.o(Region$$Table)
    Region$$Table$$Limit                     0x08005108   Number         0  anon$$obj.o(Region$$Table)
    start                                    0x20000000   Data           1  main.o(.data)
    ND                                       0x20000001   Data           1  main.o(.data)
    DA                                       0x20000002   Data           1  main.o(.data)
    TB1                                      0x20000003   Data           1  main.o(.data)
    TB2                                      0x20000004   Data           1  main.o(.data)
    C1                                       0x20000005   Data           1  main.o(.data)
    ifan                                     0x20000006   Data           1  main.o(.data)
    rx_data                                  0x20000007   Data           1  main.o(.data)
    rx_index                                 0x20000008   Data           4  main.o(.data)
    str_json                                 0x2000000c   Data           4  main.o(.data)
    DHT11_Data                               0x20000010   Data           8  main.o(.data)
    uwTickFreq                               0x20000018   Data           1  stm32f1xx_hal.o(.data)
    uwTickPrio                               0x2000001c   Data           4  stm32f1xx_hal.o(.data)
    uwTick                                   0x20000020   Data           4  stm32f1xx_hal.o(.data)
    SystemCoreClock                          0x20000024   Data           4  system_stm32f1xx.o(.data)
    Presence                                 0x2000003c   Data           1  dht.o(.data)
    Rh_byte1                                 0x2000003d   Data           1  dht.o(.data)
    Rh_byte2                                 0x2000003e   Data           1  dht.o(.data)
    Temp_byte1                               0x2000003f   Data           1  dht.o(.data)
    Temp_byte2                               0x20000040   Data           1  dht.o(.data)
    SUM                                      0x20000042   Data           2  dht.o(.data)
    __microlib_freelist                      0x20000044   Data           4  mvars.o(.data)
    __microlib_freelist_initialised          0x20000048   Data           4  mvars.o(.data)
    hadc1                                    0x20000050   Data          48  main.o(.bss)
    htim1                                    0x20000080   Data          64  main.o(.bss)
    htim2                                    0x200000c0   Data          64  main.o(.bss)
    huart2                                   0x20000100   Data          64  main.o(.bss)
    rx_buffer                                0x20000140   Data         100  main.o(.bss)
    __heap_base                              0x200001a8   Data           0  startup_stm32f103xb.o(HEAP)
    __heap_limit                             0x200003a8   Data           0  startup_stm32f103xb.o(HEAP)
    __initial_sp                             0x200007a8   Data           0  startup_stm32f103xb.o(STACK)



==============================================================================

Memory Map of the image

  Image Entry point : 0x080000ed

  Load Region LR_IROM1 (Base: 0x08000000, Size: 0x00005158, Max: 0x00010000, ABSOLUTE)

    Execution Region ER_IROM1 (Exec base: 0x08000000, Load base: 0x08000000, Size: 0x00005108, Max: 0x00010000, ABSOLUTE)

    Exec Addr    Load Addr    Size         Type   Attr      Idx    E Section Name        Object

    0x08000000   0x08000000   0x000000ec   Data   RO            3    RESET               startup_stm32f103xb.o
    0x080000ec   0x080000ec   0x00000000   Code   RO         3534  * .ARM.Collect$$$$00000000  mc_w.l(entry.o)
    0x080000ec   0x080000ec   0x00000004   Code   RO         3874    .ARM.Collect$$$$00000001  mc_w.l(entry2.o)
    0x080000f0   0x080000f0   0x00000004   Code   RO         3877    .ARM.Collect$$$$00000004  mc_w.l(entry5.o)
    0x080000f4   0x080000f4   0x00000000   Code   RO         3879    .ARM.Collect$$$$00000008  mc_w.l(entry7b.o)
    0x080000f4   0x080000f4   0x00000000   Code   RO         3881    .ARM.Collect$$$$0000000A  mc_w.l(entry8b.o)
    0x080000f4   0x080000f4   0x00000008   Code   RO         3882    .ARM.Collect$$$$0000000B  mc_w.l(entry9a.o)
    0x080000fc   0x080000fc   0x00000004   Code   RO         3889    .ARM.Collect$$$$0000000E  mc_w.l(entry12b.o)
    0x08000100   0x08000100   0x00000000   Code   RO         3884    .ARM.Collect$$$$0000000F  mc_w.l(entry10a.o)
    0x08000100   0x08000100   0x00000000   Code   RO         3886    .ARM.Collect$$$$00000011  mc_w.l(entry11a.o)
    0x08000100   0x08000100   0x00000004   Code   RO         3875    .ARM.Collect$$$$00002712  mc_w.l(entry2.o)
    0x08000104   0x08000104   0x00000024   Code   RO            4    .text               startup_stm32f103xb.o
    0x08000128   0x08000128   0x00000020   Code   RO         3537    .text               mc_w.l(llushr.o)
    0x08000148   0x08000148   0x0000000c   Code   RO         3539    .text               mc_w.l(tolower.o)
    0x08000154   0x08000154   0x00000024   Code   RO         3541    .text               mc_w.l(memcpya.o)
    0x08000178   0x08000178   0x00000024   Code   RO         3543    .text               mc_w.l(memseta.o)
    0x0800019c   0x0800019c   0x00000018   Code   RO         3545    .text               mc_w.l(strcat.o)
    0x080001b4   0x080001b4   0x00000024   Code   RO         3547    .text               mc_w.l(strstr.o)
    0x080001d8   0x080001d8   0x0000000e   Code   RO         3549    .text               mc_w.l(strlen.o)
    0x080001e6   0x080001e6   0x0000001c   Code   RO         3551    .text               mc_w.l(strcmp.o)
    0x08000202   0x08000202   0x0000001e   Code   RO         3555    .text               mc_w.l(strncmp.o)
    0x08000220   0x08000220   0x00000360   Code   RO         3850    .text               mc_w.l(scanf_fp.o)
    0x08000580   0x08000580   0x0000001a   Code   RO         3854    .text               mc_w.l(atoi.o)
    0x0800059a   0x0800059a   0x0000014e   Code   RO         3856    .text               mf_w.l(dadd.o)
    0x080006e8   0x080006e8   0x0000000a   Code   RO         3860    .text               mf_w.l(ffltui.o)
    0x080006f2   0x080006f2   0x00000028   Code   RO         3864    .text               mf_w.l(ffixui.o)
    0x0800071a   0x0800071a   0x0000003e   Code   RO         3866    .text               mf_w.l(dfixi.o)
    0x08000758   0x08000758   0x00000030   Code   RO         3870    .text               mf_w.l(cdcmple.o)
    0x08000788   0x08000788   0x00000030   Code   RO         3872    .text               mf_w.l(cdrcmple.o)
    0x080007b8   0x080007b8   0x0000002c   Code   RO         3891    .text               mc_w.l(uidiv.o)
    0x080007e4   0x080007e4   0x00000062   Code   RO         3893    .text               mc_w.l(uldiv.o)
    0x08000846   0x08000846   0x0000001e   Code   RO         3895    .text               mc_w.l(llshl.o)
    0x08000864   0x08000864   0x00000024   Code   RO         3897    .text               mc_w.l(llsshr.o)
    0x08000888   0x08000888   0x00000040   Code   RO         3910    .text               mc_w.l(_sgetc.o)
    0x080008c8   0x080008c8   0x0000009c   Code   RO         3912    .text               mc_w.l(strtod.o)
    0x08000964   0x08000964   0x00000070   Code   RO         3914    .text               mc_w.l(strtol.o)
    0x080009d4   0x080009d4   0x00000000   Code   RO         3916    .text               mc_w.l(iusefp.o)
    0x080009d4   0x080009d4   0x0000006e   Code   RO         3917    .text               mf_w.l(fepilogue.o)
    0x08000a42   0x08000a42   0x000000ba   Code   RO         3919    .text               mf_w.l(depilogue.o)
    0x08000afc   0x08000afc   0x000000e4   Code   RO         3921    .text               mf_w.l(dmul.o)
    0x08000be0   0x08000be0   0x000000de   Code   RO         3923    .text               mf_w.l(ddiv.o)
    0x08000cbe   0x08000cbe   0x00000018   Code   RO         3925    .text               mf_w.l(dfltul.o)
    0x08000cd6   0x08000cd6   0x00000030   Code   RO         3927    .text               mf_w.l(dfixul.o)
    0x08000d06   0x08000d06   0x00000038   Code   RO         3929    .text               mf_w.l(d2f.o)
    0x08000d3e   0x08000d3e   0x00000002   PAD
    0x08000d40   0x08000d40   0x00000024   Code   RO         3931    .text               mc_w.l(init.o)
    0x08000d64   0x08000d64   0x00000008   Code   RO         3935    .text               mc_w.l(ctype_o.o)
    0x08000d6c   0x08000d6c   0x00000012   Code   RO         3957    .text               mc_w.l(isspace_o.o)
    0x08000d7e   0x08000d7e   0x0000009e   Code   RO         3965    .text               mc_w.l(_strtoul.o)
    0x08000e1c   0x08000e1c   0x0000001c   Code   RO         3970    .text               mc_w.l(_chval.o)
    0x08000e38   0x08000e38   0x0000004c   Code   RO          440    i.ADC_ConversionStop_Disable  stm32f1xx_hal_adc.o
    0x08000e84   0x08000e84   0x00000002   Code   RO          250    i.BusFault_Handler  stm32f1xx_it.o
    0x08000e86   0x08000e86   0x00000002   PAD
    0x08000e88   0x08000e88   0x00000040   Code   RO         3466    i.DHT_Check_Response  dht.o
    0x08000ec8   0x08000ec8   0x00000058   Code   RO         3467    i.DHT_GetData       dht.o
    0x08000f20   0x08000f20   0x0000005c   Code   RO         3468    i.DHT_Read          dht.o
    0x08000f7c   0x08000f7c   0x00000044   Code   RO         3469    i.DHT_Start         dht.o
    0x08000fc0   0x08000fc0   0x00000044   Code   RO         3470    i.DWT_Delay_Init    dht.o
    0x08001004   0x08001004   0x00000002   Code   RO          251    i.DebugMon_Handler  stm32f1xx_it.o
    0x08001006   0x08001006   0x00000002   PAD
    0x08001008   0x08001008   0x00000014   Code   RO           13    i.EXTI0_IRQHandler  main.o
    0x0800101c   0x0800101c   0x00000028   Code   RO           14    i.EXTI1_IRQHandler  main.o
    0x08001044   0x08001044   0x00000220   Code   RO          446    i.HAL_ADC_ConfigChannel  stm32f1xx_hal_adc.o
    0x08001264   0x08001264   0x00000220   Code   RO          455    i.HAL_ADC_Init      stm32f1xx_hal_adc.o
    0x08001484   0x08001484   0x00000058   Code   RO          345    i.HAL_ADC_MspInit   stm32f1xx_hal_msp.o
    0x080014dc   0x080014dc   0x00000098   Code   RO         2274    i.HAL_DMA_Abort_IT  stm32f1xx_hal_dma.o
    0x08001574   0x08001574   0x00000024   Code   RO         1913    i.HAL_Delay         stm32f1xx_hal.o
    0x08001598   0x08001598   0x00000002   Code   RO         2207    i.HAL_GPIO_EXTI_Callback  stm32f1xx_hal_gpio.o
    0x0800159a   0x0800159a   0x00000002   PAD
    0x0800159c   0x0800159c   0x00000018   Code   RO         2208    i.HAL_GPIO_EXTI_IRQHandler  stm32f1xx_hal_gpio.o
    0x080015b4   0x080015b4   0x00000328   Code   RO         2209    i.HAL_GPIO_Init     stm32f1xx_hal_gpio.o
    0x080018dc   0x080018dc   0x00000058   Code   RO         2211    i.HAL_GPIO_ReadPin  stm32f1xx_hal_gpio.o
    0x08001934   0x08001934   0x00000058   Code   RO         2212    i.HAL_GPIO_TogglePin  stm32f1xx_hal_gpio.o
    0x0800198c   0x0800198c   0x0000006c   Code   RO         2213    i.HAL_GPIO_WritePin  stm32f1xx_hal_gpio.o
    0x080019f8   0x080019f8   0x0000000c   Code   RO         1917    i.HAL_GetTick       stm32f1xx_hal.o
    0x08001a04   0x08001a04   0x00000010   Code   RO         1921    i.HAL_IncTick       stm32f1xx_hal.o
    0x08001a14   0x08001a14   0x00000024   Code   RO         1922    i.HAL_Init          stm32f1xx_hal.o
    0x08001a38   0x08001a38   0x00000040   Code   RO         1923    i.HAL_InitTick      stm32f1xx_hal.o
    0x08001a78   0x08001a78   0x0000003c   Code   RO          346    i.HAL_MspInit       stm32f1xx_hal_msp.o
    0x08001ab4   0x08001ab4   0x00000060   Code   RO         2369    i.HAL_NVIC_EnableIRQ  stm32f1xx_hal_cortex.o
    0x08001b14   0x08001b14   0x000000a0   Code   RO         2375    i.HAL_NVIC_SetPriority  stm32f1xx_hal_cortex.o
    0x08001bb4   0x08001bb4   0x00000080   Code   RO         2376    i.HAL_NVIC_SetPriorityGrouping  stm32f1xx_hal_cortex.o
    0x08001c34   0x08001c34   0x00000194   Code   RO         2172    i.HAL_RCCEx_PeriphCLKConfig  stm32f1xx_hal_rcc_ex.o
    0x08001dc8   0x08001dc8   0x00000274   Code   RO         2069    i.HAL_RCC_ClockConfig  stm32f1xx_hal_rcc.o
    0x0800203c   0x0800203c   0x0000000c   Code   RO         2074    i.HAL_RCC_GetHCLKFreq  stm32f1xx_hal_rcc.o
    0x08002048   0x08002048   0x00000020   Code   RO         2076    i.HAL_RCC_GetPCLK1Freq  stm32f1xx_hal_rcc.o
    0x08002068   0x08002068   0x00000020   Code   RO         2077    i.HAL_RCC_GetPCLK2Freq  stm32f1xx_hal_rcc.o
    0x08002088   0x08002088   0x0000006c   Code   RO         2078    i.HAL_RCC_GetSysClockFreq  stm32f1xx_hal_rcc.o
    0x080020f4   0x080020f4   0x0000047a   Code   RO         2081    i.HAL_RCC_OscConfig  stm32f1xx_hal_rcc.o
    0x0800256e   0x0800256e   0x00000028   Code   RO         2380    i.HAL_SYSTICK_Config  stm32f1xx_hal_cortex.o
    0x08002596   0x08002596   0x00000002   Code   RO         1347    i.HAL_TIMEx_BreakCallback  stm32f1xx_hal_tim_ex.o
    0x08002598   0x08002598   0x00000002   Code   RO         1348    i.HAL_TIMEx_CommutationCallback  stm32f1xx_hal_tim_ex.o
    0x0800259a   0x0800259a   0x00000002   PAD
    0x0800259c   0x0800259c   0x000000fc   Code   RO         1364    i.HAL_TIMEx_MasterConfigSynchronization  stm32f1xx_hal_tim_ex.o
    0x08002698   0x08002698   0x000000e0   Code   RO          718    i.HAL_TIM_Base_Init  stm32f1xx_hal_tim.o
    0x08002778   0x08002778   0x00000060   Code   RO          348    i.HAL_TIM_Base_MspInit  stm32f1xx_hal_msp.o
    0x080027d8   0x080027d8   0x00000084   Code   RO          723    i.HAL_TIM_Base_Start_IT  stm32f1xx_hal_tim.o
    0x0800285c   0x0800285c   0x000003ac   Code   RO          727    i.HAL_TIM_ConfigClockSource  stm32f1xx_hal_tim.o
    0x08002c08   0x08002c08   0x00000002   Code   RO          747    i.HAL_TIM_IC_CaptureCallback  stm32f1xx_hal_tim.o
    0x08002c0a   0x08002c0a   0x00000166   Code   RO          760    i.HAL_TIM_IRQHandler  stm32f1xx_hal_tim.o
    0x08002d70   0x08002d70   0x00000002   Code   RO          763    i.HAL_TIM_OC_DelayElapsedCallback  stm32f1xx_hal_tim.o
    0x08002d72   0x08002d72   0x00000002   Code   RO          790    i.HAL_TIM_PWM_PulseFinishedCallback  stm32f1xx_hal_tim.o
    0x08002d74   0x08002d74   0x00000060   Code   RO           16    i.HAL_TIM_PeriodElapsedCallback  main.o
    0x08002dd4   0x08002dd4   0x00000002   Code   RO          801    i.HAL_TIM_TriggerCallback  stm32f1xx_hal_tim.o
    0x08002dd6   0x08002dd6   0x00000002   Code   RO         1601    i.HAL_UART_ErrorCallback  stm32f1xx_hal_uart.o
    0x08002dd8   0x08002dd8   0x00000110   Code   RO         1604    i.HAL_UART_IRQHandler  stm32f1xx_hal_uart.o
    0x08002ee8   0x08002ee8   0x00000114   Code   RO         1605    i.HAL_UART_Init     stm32f1xx_hal_uart.o
    0x08002ffc   0x08002ffc   0x00000080   Code   RO          350    i.HAL_UART_MspInit  stm32f1xx_hal_msp.o
    0x0800307c   0x0800307c   0x00000052   Code   RO         1610    i.HAL_UART_Receive_IT  stm32f1xx_hal_uart.o
    0x080030ce   0x080030ce   0x00000002   PAD
    0x080030d0   0x080030d0   0x0000002c   Code   RO           17    i.HAL_UART_RxCpltCallback  main.o
    0x080030fc   0x080030fc   0x000000ba   Code   RO         1613    i.HAL_UART_Transmit  stm32f1xx_hal_uart.o
    0x080031b6   0x080031b6   0x00000002   Code   RO         1616    i.HAL_UART_TxCpltCallback  stm32f1xx_hal_uart.o
    0x080031b8   0x080031b8   0x00000002   Code   RO          252    i.HardFault_Handler  stm32f1xx_it.o
    0x080031ba   0x080031ba   0x00000002   PAD
    0x080031bc   0x080031bc   0x00000040   Code   RO           18    i.MX_ADC1_Init      main.o
    0x080031fc   0x080031fc   0x00000138   Code   RO           19    i.MX_GPIO_Init      main.o
    0x08003334   0x08003334   0x00000058   Code   RO           20    i.MX_TIM1_Init      main.o
    0x0800338c   0x0800338c   0x00000054   Code   RO           21    i.MX_TIM2_Init      main.o
    0x080033e0   0x080033e0   0x00000002   Code   RO          253    i.MemManage_Handler  stm32f1xx_it.o
    0x080033e2   0x080033e2   0x00000002   Code   RO          254    i.NMI_Handler       stm32f1xx_it.o
    0x080033e4   0x080033e4   0x00000020   Code   RO         2382    i.NVIC_SetPriority  stm32f1xx_hal_cortex.o
    0x08003404   0x08003404   0x00000002   Code   RO          255    i.PendSV_Handler    stm32f1xx_it.o
    0x08003406   0x08003406   0x00000002   PAD
    0x08003408   0x08003408   0x00000024   Code   RO           22    i.Read_dht11        main.o
    0x0800342c   0x0800342c   0x00000034   Code   RO           23    i.Received          main.o
    0x08003460   0x08003460   0x00000002   Code   RO          256    i.SVC_Handler       stm32f1xx_it.o
    0x08003462   0x08003462   0x00000014   Code   RO         3471    i.Set_Pin_Input     dht.o
    0x08003476   0x08003476   0x00000018   Code   RO         3472    i.Set_Pin_Output    dht.o
    0x0800348e   0x0800348e   0x00000004   Code   RO          257    i.SysTick_Handler   stm32f1xx_it.o
    0x08003492   0x08003492   0x00000060   Code   RO           24    i.SystemClock_Config  main.o
    0x080034f2   0x080034f2   0x00000002   PAD
    0x080034f4   0x080034f4   0x00000048   Code   RO         2808    i.SystemInit        system_stm32f1xx.o
    0x0800353c   0x0800353c   0x0000000c   Code   RO          258    i.TIM1_UP_IRQHandler  stm32f1xx_it.o
    0x08003548   0x08003548   0x0000000c   Code   RO          259    i.TIM2_IRQHandler   stm32f1xx_it.o
    0x08003554   0x08003554   0x0000006c   Code   RO          802    i.TIM_Base_SetConfig  stm32f1xx_hal_tim.o
    0x080035c0   0x080035c0   0x00000014   Code   RO          809    i.TIM_ETR_SetConfig  stm32f1xx_hal_tim.o
    0x080035d4   0x080035d4   0x00000010   Code   RO          810    i.TIM_ITRx_SetConfig  stm32f1xx_hal_tim.o
    0x080035e4   0x080035e4   0x00000022   Code   RO          816    i.TIM_TI1_ConfigInputStage  stm32f1xx_hal_tim.o
    0x08003606   0x08003606   0x00000024   Code   RO          818    i.TIM_TI2_ConfigInputStage  stm32f1xx_hal_tim.o
    0x0800362a   0x0800362a   0x00000010   Code   RO         1618    i.UART_DMAAbortOnError  stm32f1xx_hal_uart.o
    0x0800363a   0x0800363a   0x0000001c   Code   RO         1628    i.UART_EndRxTransfer  stm32f1xx_hal_uart.o
    0x08003656   0x08003656   0x00000096   Code   RO         1630    i.UART_Receive_IT   stm32f1xx_hal_uart.o
    0x080036ec   0x080036ec   0x00000208   Code   RO         1631    i.UART_SetConfig    stm32f1xx_hal_uart.o
    0x080038f4   0x080038f4   0x00000062   Code   RO         1632    i.UART_Transmit_IT  stm32f1xx_hal_uart.o
    0x08003956   0x08003956   0x00000064   Code   RO         1633    i.UART_WaitOnFlagUntilTimeout  stm32f1xx_hal_uart.o
    0x080039ba   0x080039ba   0x00000002   PAD
    0x080039bc   0x080039bc   0x0000000c   Code   RO          260    i.USART2_IRQHandler  stm32f1xx_it.o
    0x080039c8   0x080039c8   0x00000002   Code   RO          261    i.UsageFault_Handler  stm32f1xx_it.o
    0x080039ca   0x080039ca   0x00000002   PAD
    0x080039cc   0x080039cc   0x000000ec   Code   RO           25    i.XulyJson          main.o
    0x08003ab8   0x08003ab8   0x00000028   Code   RO         3794    i.__0sprintf        mc_w.l(printfa.o)
    0x08003ae0   0x08003ae0   0x00000008   Code   RO         3901    i.__aeabi_errno_addr  mc_w.l(errno.o)
    0x08003ae8   0x08003ae8   0x0000005c   Code   RO         3824    i.__free$realloc    mc_w.l(mallocr.o)
    0x08003b44   0x08003b44   0x00000050   Code   RO         3825    i.__malloc$realloc  mc_w.l(mallocr.o)
    0x08003b94   0x08003b94   0x0000000e   Code   RO         3974    i.__scatterload_copy  mc_w.l(handlers.o)
    0x08003ba2   0x08003ba2   0x00000002   Code   RO         3975    i.__scatterload_null  mc_w.l(handlers.o)
    0x08003ba4   0x08003ba4   0x0000000e   Code   RO         3976    i.__scatterload_zeroinit  mc_w.l(handlers.o)
    0x08003bb2   0x08003bb2   0x00000002   PAD
    0x08003bb4   0x08003bb4   0x00000184   Code   RO         3799    i._fp_digits        mc_w.l(printfa.o)
    0x08003d38   0x08003d38   0x0000000e   Code   RO         3852    i._is_digit         mc_w.l(scanf_fp.o)
    0x08003d46   0x08003d46   0x00000002   PAD
    0x08003d48   0x08003d48   0x000006b4   Code   RO         3800    i._printf_core      mc_w.l(printfa.o)
    0x080043fc   0x080043fc   0x00000024   Code   RO         3801    i._printf_post_padding  mc_w.l(printfa.o)
    0x08004420   0x08004420   0x0000002e   Code   RO         3802    i._printf_pre_padding  mc_w.l(printfa.o)
    0x0800444e   0x0800444e   0x0000000a   Code   RO         3804    i._sputc            mc_w.l(printfa.o)
    0x08004458   0x08004458   0x00000002   Code   RO           26    i.assert_failed     main.o
    0x0800445a   0x0800445a   0x00000030   Code   RO         2844    i.buffer_skip_whitespace  cjson.o
    0x0800448a   0x0800448a   0x00000002   PAD
    0x0800448c   0x0800448c   0x000000b4   Code   RO           27    i.button            main.o
    0x08004540   0x08004540   0x00000048   Code   RO         2876    i.cJSON_Delete      cjson.o
    0x08004588   0x08004588   0x00000006   Code   RO         2889    i.cJSON_GetObjectItem  cjson.o
    0x0800458e   0x0800458e   0x00000016   Code   RO         2906    i.cJSON_New_Item    cjson.o
    0x080045a4   0x080045a4   0x00000008   Code   RO         2907    i.cJSON_Parse       cjson.o
    0x080045ac   0x080045ac   0x000000dc   Code   RO         2909    i.cJSON_ParseWithLengthOpts  cjson.o
    0x08004688   0x08004688   0x00000022   Code   RO         2910    i.cJSON_ParseWithOpts  cjson.o
    0x080046aa   0x080046aa   0x00000002   PAD
    0x080046ac   0x080046ac   0x0000002c   Code   RO         3473    i.delay             dht.o
    0x080046d8   0x080046d8   0x0000007a   Code   RO         2929    i.get_object_item   cjson.o
    0x08004752   0x08004752   0x00000002   PAD
    0x08004754   0x08004754   0x00000030   Code   RO           29    i.iFan              main.o
    0x08004784   0x08004784   0x00000050   Code   RO         3826    i.internal_alloc    mc_w.l(mallocr.o)
    0x080047d4   0x080047d4   0x000000a0   Code   RO           30    i.main              main.o
    0x08004874   0x08004874   0x000000d0   Code   RO         2931    i.parse_array       cjson.o
    0x08004944   0x08004944   0x00000040   Code   RO         2932    i.parse_hex4        cjson.o
    0x08004984   0x08004984   0x000000f0   Code   RO         2933    i.parse_number      cjson.o
    0x08004a74   0x08004a74   0x0000010a   Code   RO         2934    i.parse_object      cjson.o
    0x08004b7e   0x08004b7e   0x0000010c   Code   RO         2935    i.parse_string      cjson.o
    0x08004c8a   0x08004c8a   0x00000002   PAD
    0x08004c8c   0x08004c8c   0x000000fc   Code   RO         2936    i.parse_value       cjson.o
    0x08004d88   0x08004d88   0x0000006c   Code   RO         3827    i.realloc           mc_w.l(mallocr.o)
    0x08004df4   0x08004df4   0x00000168   Code   RO           31    i.send_data_uart    main.o
    0x08004f5c   0x08004f5c   0x0000001c   Code   RO         3531    i.strtod            m_ws.l(strtod.o)
    0x08004f78   0x08004f78   0x000000d2   Code   RO         2945    i.utf16_literal_to_utf8  cjson.o
    0x0800504a   0x0800504a   0x00000010   Data   RO         2809    .constdata          system_stm32f1xx.o
    0x0800505a   0x0800505a   0x00000008   Data   RO         2810    .constdata          system_stm32f1xx.o
    0x08005062   0x08005062   0x00000081   Data   RO         3936    .constdata          mc_w.l(ctype_o.o)
    0x080050e3   0x080050e3   0x00000001   PAD
    0x080050e4   0x080050e4   0x00000004   Data   RO         3937    .constdata          mc_w.l(ctype_o.o)
    0x080050e8   0x080050e8   0x00000020   Data   RO         3972    Region$$Table       anon$$obj.o


    Execution Region RW_IRAM1 (Exec base: 0x20000000, Load base: 0x08005108, Size: 0x000007a8, Max: 0x00005000, ABSOLUTE)

    Exec Addr    Load Addr    Size         Type   Attr      Idx    E Section Name        Object

    0x20000000   0x08005108   0x00000018   Data   RW           33    .data               main.o
    0x20000018   0x08005120   0x0000000c   Data   RW         1929    .data               stm32f1xx_hal.o
    0x20000024   0x0800512c   0x00000004   Data   RW         2811    .data               system_stm32f1xx.o
    0x20000028   0x08005130   0x00000014   Data   RW         2947    .data               cjson.o
    0x2000003c   0x08005144   0x00000008   Data   RW         3474    .data               dht.o
    0x20000044   0x0800514c   0x00000004   Data   RW         3899    .data               mc_w.l(mvars.o)
    0x20000048   0x08005150   0x00000004   Data   RW         3900    .data               mc_w.l(mvars.o)
    0x2000004c   0x08005154   0x00000004   Data   RW         3904    .data               mc_w.l(errno.o)
    0x20000050        -       0x00000154   Zero   RW           32    .bss                main.o
    0x200001a4   0x08005158   0x00000004   PAD
    0x200001a8        -       0x00000200   Zero   RW            2    HEAP                startup_stm32f103xb.o
    0x200003a8        -       0x00000400   Zero   RW            1    STACK               startup_stm32f103xb.o


==============================================================================

Image component sizes


      Code (inc. data)   RO Data    RW Data    ZI Data      Debug   Object Name

      2040         64          0         20          0      17624   cjson.o
       468         40          0          8          0       4739   dht.o
      1918        236          0         24        340     457671   main.o
        36          8        236          0       1536        772   startup_stm32f103xb.o
       164         28          0         12          0       5665   stm32f1xx_hal.o
      1164        148          0          0          0       3332   stm32f1xx_hal_adc.o
       456        196          0          0          0      25739   stm32f1xx_hal_cortex.o
       152          4          0          0          0       1043   stm32f1xx_hal_dma.o
      1118        310          0          0          0       5300   stm32f1xx_hal_gpio.o
       372         44          0          0          0       2714   stm32f1xx_hal_msp.o
      1958        214          0          0          0       5600   stm32f1xx_hal_rcc.o
       404         74          0          0          0       1364   stm32f1xx_hal_rcc_ex.o
      1876        218          0          0          0       9351   stm32f1xx_hal_tim.o
       256         74          0          0          0       2246   stm32f1xx_hal_tim_ex.o
      1732        148          0          0          0       9007   stm32f1xx_hal_uart.o
        56         18          0          0          0       4717   stm32f1xx_it.o
        72         16         24          4          0       1067   system_stm32f1xx.o

    ----------------------------------------------------------------------
     14270       1840        292         68       1880     557951   Object Totals
         0          0         32          0          0          0   (incl. Generated)
        28          0          0          0          4          0   (incl. Padding)

    ----------------------------------------------------------------------

      Code (inc. data)   RO Data    RW Data    ZI Data      Debug   Library Member Name

        28          0          0          0          0         80   strtod.o
        28          0          0          0          0         68   _chval.o
        64          0          0          0          0         84   _sgetc.o
       158          0          0          0          0         92   _strtoul.o
        26          0          0          0          0         80   atoi.o
         8          4        133          0          0         68   ctype_o.o
         0          0          0          0          0          0   entry.o
         0          0          0          0          0          0   entry10a.o
         0          0          0          0          0          0   entry11a.o
         4          0          0          0          0          0   entry12b.o
         8          4          0          0          0          0   entry2.o
         4          0          0          0          0          0   entry5.o
         0          0          0          0          0          0   entry7b.o
         0          0          0          0          0          0   entry8b.o
         8          4          0          0          0          0   entry9a.o
         8          4          0          4          0         68   errno.o
        30          0          0          0          0          0   handlers.o
        36          8          0          0          0         68   init.o
        18          0          0          0          0         76   isspace_o.o
         0          0          0          0          0          0   iusefp.o
        30          0          0          0          0         68   llshl.o
        36          0          0          0          0         68   llsshr.o
        32          0          0          0          0         68   llushr.o
       360         30          0          0          0        356   mallocr.o
        36          0          0          0          0         68   memcpya.o
        36          0          0          0          0        108   memseta.o
         0          0          0          8          0          0   mvars.o
      2236         86          0          0          0        532   printfa.o
       878         12          0          0          0        216   scanf_fp.o
        24          0          0          0          0         68   strcat.o
        28          0          0          0          0         76   strcmp.o
        14          0          0          0          0         68   strlen.o
        30          0          0          0          0         80   strncmp.o
        36          0          0          0          0         80   strstr.o
       156         12          0          0          0        120   strtod.o
       112          0          0          0          0         88   strtol.o
        12          0          0          0          0         68   tolower.o
        44          0          0          0          0         80   uidiv.o
        98          0          0          0          0         92   uldiv.o
        48          0          0          0          0         68   cdcmple.o
        48          0          0          0          0         68   cdrcmple.o
        56          0          0          0          0         88   d2f.o
       334          0          0          0          0        148   dadd.o
       222          0          0          0          0        100   ddiv.o
       186          0          0          0          0        176   depilogue.o
        62          0          0          0          0         80   dfixi.o
        48          0          0          0          0         68   dfixul.o
        24          0          0          0          0         76   dfltul.o
       228          0          0          0          0         96   dmul.o
       110          0          0          0          0        168   fepilogue.o
        40          0          0          0          0         68   ffixui.o
        10          0          0          0          0         68   ffltui.o

    ----------------------------------------------------------------------
      6048        164        134         12          0       4260   Library Totals
         6          0          1          0          0          0   (incl. Padding)

    ----------------------------------------------------------------------

      Code (inc. data)   RO Data    RW Data    ZI Data      Debug   Library Name

        28          0          0          0          0         80   m_ws.l
      4598        164        133         12          0       2908   mc_w.l
      1416          0          0          0          0       1272   mf_w.l

    ----------------------------------------------------------------------
      6048        164        134         12          0       4260   Library Totals

    ----------------------------------------------------------------------

==============================================================================


      Code (inc. data)   RO Data    RW Data    ZI Data      Debug   

     20318       2004        426         80       1880     554303   Grand Totals
     20318       2004        426         80       1880     554303   ELF Image Totals
     20318       2004        426         80          0          0   ROM Totals

==============================================================================

    Total RO  Size (Code + RO Data)                20744 (  20.26kB)
    Total RW  Size (RW Data + ZI Data)              1960 (   1.91kB)
    Total ROM Size (Code + RO Data + RW Data)      20824 (  20.34kB)

==============================================================================

